Archive member included to satisfy reference by file (symbol)

/home/rmer/Project/Linux/rk3506_linux6.1_sdk_v1.2.0/prebuilts/gcc/linux-x86/arm/gcc-arm-none-eabi-10-2020-q4-major-x86_64-linux/bin/../lib/gcc/arm-none-eabi/10.2.1/../../../../arm-none-eabi/lib/thumb/v6-m/nofp/libc.a(lib_a-malloc.o)
                              ../../../middleware/rpmsg-lite/lib/rpmsg_lite/porting/environment/rpmsg_env_bm.o (malloc)
/home/rmer/Project/Linux/rk3506_linux6.1_sdk_v1.2.0/prebuilts/gcc/linux-x86/arm/gcc-arm-none-eabi-10-2020-q4-major-x86_64-linux/bin/../lib/gcc/arm-none-eabi/10.2.1/../../../../arm-none-eabi/lib/thumb/v6-m/nofp/libc.a(lib_a-mallocr.o)
                              /home/rmer/Project/Linux/rk3506_linux6.1_sdk_v1.2.0/prebuilts/gcc/linux-x86/arm/gcc-arm-none-eabi-10-2020-q4-major-x86_64-linux/bin/../lib/gcc/arm-none-eabi/10.2.1/../../../../arm-none-eabi/lib/thumb/v6-m/nofp/libc.a(lib_a-malloc.o) (_malloc_r)
/home/rmer/Project/Linux/rk3506_linux6.1_sdk_v1.2.0/prebuilts/gcc/linux-x86/arm/gcc-arm-none-eabi-10-2020-q4-major-x86_64-linux/bin/../lib/gcc/arm-none-eabi/10.2.1/../../../../arm-none-eabi/lib/thumb/v6-m/nofp/libc.a(lib_a-memcmp.o)
                              ../../../middleware/simple_console/simple_console.o (memcmp)
/home/rmer/Project/Linux/rk3506_linux6.1_sdk_v1.2.0/prebuilts/gcc/linux-x86/arm/gcc-arm-none-eabi-10-2020-q4-major-x86_64-linux/bin/../lib/gcc/arm-none-eabi/10.2.1/../../../../arm-none-eabi/lib/thumb/v6-m/nofp/libc.a(lib_a-memcpy-stub.o)
                              ../../../middleware/rpmsg-lite/lib/rpmsg_lite/porting/environment/rpmsg_env_bm.o (memcpy)
/home/rmer/Project/Linux/rk3506_linux6.1_sdk_v1.2.0/prebuilts/gcc/linux-x86/arm/gcc-arm-none-eabi-10-2020-q4-major-x86_64-linux/bin/../lib/gcc/arm-none-eabi/10.2.1/../../../../arm-none-eabi/lib/thumb/v6-m/nofp/libc.a(lib_a-memmove.o)
                              ../../../middleware/benchmark/coremark/barebones/ee_printf.o (memmove)
/home/rmer/Project/Linux/rk3506_linux6.1_sdk_v1.2.0/prebuilts/gcc/linux-x86/arm/gcc-arm-none-eabi-10-2020-q4-major-x86_64-linux/bin/../lib/gcc/arm-none-eabi/10.2.1/../../../../arm-none-eabi/lib/thumb/v6-m/nofp/libc.a(lib_a-memset.o)
                              ../../../middleware/rpmsg-lite/lib/rpmsg_lite/porting/environment/rpmsg_env_bm.o (memset)
/home/rmer/Project/Linux/rk3506_linux6.1_sdk_v1.2.0/prebuilts/gcc/linux-x86/arm/gcc-arm-none-eabi-10-2020-q4-major-x86_64-linux/bin/../lib/gcc/arm-none-eabi/10.2.1/../../../../arm-none-eabi/lib/thumb/v6-m/nofp/libc.a(lib_a-mlock.o)
                              /home/rmer/Project/Linux/rk3506_linux6.1_sdk_v1.2.0/prebuilts/gcc/linux-x86/arm/gcc-arm-none-eabi-10-2020-q4-major-x86_64-linux/bin/../lib/gcc/arm-none-eabi/10.2.1/../../../../arm-none-eabi/lib/thumb/v6-m/nofp/libc.a(lib_a-mallocr.o) (__malloc_lock)
/home/rmer/Project/Linux/rk3506_linux6.1_sdk_v1.2.0/prebuilts/gcc/linux-x86/arm/gcc-arm-none-eabi-10-2020-q4-major-x86_64-linux/bin/../lib/gcc/arm-none-eabi/10.2.1/../../../../arm-none-eabi/lib/thumb/v6-m/nofp/libc.a(lib_a-printf.o)
                              ../../../middleware/benchmark/coremark/barebones/ee_printf.o (printf)
/home/rmer/Project/Linux/rk3506_linux6.1_sdk_v1.2.0/prebuilts/gcc/linux-x86/arm/gcc-arm-none-eabi-10-2020-q4-major-x86_64-linux/bin/../lib/gcc/arm-none-eabi/10.2.1/../../../../arm-none-eabi/lib/thumb/v6-m/nofp/libc.a(lib_a-putchar.o)
                              ../../../middleware/simple_console/command_io.o (putchar)
/home/rmer/Project/Linux/rk3506_linux6.1_sdk_v1.2.0/prebuilts/gcc/linux-x86/arm/gcc-arm-none-eabi-10-2020-q4-major-x86_64-linux/bin/../lib/gcc/arm-none-eabi/10.2.1/../../../../arm-none-eabi/lib/thumb/v6-m/nofp/libc.a(lib_a-puts.o)
                              ../../../middleware/benchmark/benchmark.o (puts)
/home/rmer/Project/Linux/rk3506_linux6.1_sdk_v1.2.0/prebuilts/gcc/linux-x86/arm/gcc-arm-none-eabi-10-2020-q4-major-x86_64-linux/bin/../lib/gcc/arm-none-eabi/10.2.1/../../../../arm-none-eabi/lib/thumb/v6-m/nofp/libc.a(lib_a-s_modf.o)
                              ../../../middleware/benchmark/coremark/barebones/cvt.o (modf)
/home/rmer/Project/Linux/rk3506_linux6.1_sdk_v1.2.0/prebuilts/gcc/linux-x86/arm/gcc-arm-none-eabi-10-2020-q4-major-x86_64-linux/bin/../lib/gcc/arm-none-eabi/10.2.1/../../../../arm-none-eabi/lib/thumb/v6-m/nofp/libc.a(lib_a-sbrkr.o)
                              /home/rmer/Project/Linux/rk3506_linux6.1_sdk_v1.2.0/prebuilts/gcc/linux-x86/arm/gcc-arm-none-eabi-10-2020-q4-major-x86_64-linux/bin/../lib/gcc/arm-none-eabi/10.2.1/../../../../arm-none-eabi/lib/thumb/v6-m/nofp/libc.a(lib_a-mallocr.o) (_sbrk_r)
/home/rmer/Project/Linux/rk3506_linux6.1_sdk_v1.2.0/prebuilts/gcc/linux-x86/arm/gcc-arm-none-eabi-10-2020-q4-major-x86_64-linux/bin/../lib/gcc/arm-none-eabi/10.2.1/../../../../arm-none-eabi/lib/thumb/v6-m/nofp/libc.a(lib_a-setjmp.o)
                              ../../../test/unity/extras/fixture/src/unity_fixture.o (setjmp)
[...]
Memory Configuration

Name             Origin             Length             Attributes
RAM              0x0000000003a00000 0x0000000000010000 xrw
LINUX_RPMSG      0x0000000003c00000 0x0000000000200000 xrw
*default*        0x0000000000000000 0xffffffffffffffff

Linker script and memory map

LOAD ../../../middleware/rpmsg-lite/lib/rpmsg_lite/porting/environment/rpmsg_env_bm.o
LOAD ../../../middleware/benchmark/benchmark.o
LOAD ../../../middleware/benchmark/coremark/core_list_join.o
LOAD ../../../middleware/benchmark/coremark/core_main.o
LOAD ../../../middleware/benchmark/coremark/core_matrix.o
LOAD ../../../middleware/benchmark/coremark/core_state.o
LOAD ../../../middleware/benchmark/coremark/core_util.o
LOAD ../../../middleware/benchmark/coremark/barebones/core_portme.o
LOAD ../../../middleware/benchmark/coremark/barebones/cvt.o
LOAD ../../../middleware/benchmark/coremark/barebones/ee_printf.o
LOAD ../../../middleware/rpmsg-lite/lib/common/llist.o
LOAD ../../../middleware/rpmsg-lite/lib/rpmsg_lite/rpmsg_lite.o
LOAD ../../../middleware/rpmsg-lite/lib/rpmsg_lite/rpmsg_ns.o
LOAD ../../../middleware/rpmsg-lite/lib/rpmsg_lite/rpmsg_queue.o
LOAD ../../../middleware/rpmsg-lite/lib/rpmsg_lite/porting/platform/RK3506/rpmsg_platform.o
LOAD ../../../middleware/rpmsg-lite/lib/virtio/virtqueue.o
LOAD ../../../middleware/rpmsg-lite/lib/test/rpmsg_perf.o
LOAD ../../../middleware/simple_console/command_io.o
LOAD ../../../middleware/simple_console/simple_console.o
LOAD ../src/main.o
LOAD ../src/syscall.o
LOAD ../src/test_demo.o
LOAD ../../../lib/CMSIS/Device/RK3506/Source/Templates/GCC/start_rk3506_mcu.o
LOAD ../../../lib/CMSIS/Device/RK3506/Source/Templates/GCC/startup_rk3506.o
LOAD ../../../lib/hal/src/hal_acdcdig.o
LOAD ../../../lib/hal/src/hal_acdcdig_dsm.o
LOAD ../../../lib/hal/src/hal_acdcdigv2.o
LOAD ../../../lib/hal/src/hal_asrc.o
LOAD ../../../lib/hal/src/hal_audiopwm.o
LOAD ../../../lib/hal/src/hal_base.o
LOAD ../../../lib/hal/src/hal_base_ex.o
LOAD ../../../lib/hal/src/hal_bufmgr.o
LOAD ../../../lib/hal/src/hal_cache.o
LOAD ../../../lib/hal/src/hal_cache_ecc.o
LOAD ../../../lib/hal/src/hal_canfd.o
LOAD ../../../lib/hal/src/hal_ckcal.o
LOAD ../../../lib/hal/src/hal_cpu_topology.o
LOAD ../../../lib/hal/src/hal_ddr_ecc.o
LOAD ../../../lib/hal/src/hal_debug.o
LOAD ../../../lib/hal/src/hal_demo.o
LOAD ../../../lib/hal/src/hal_dsmc_host.o
LOAD ../../../lib/hal/src/hal_dsmc_slave.o
LOAD ../../../lib/hal/src/hal_dwdma.o
LOAD ../../../lib/hal/src/hal_efuse.o
LOAD ../../../lib/hal/src/hal_ehci.o
LOAD ../../../lib/hal/src/hal_ehci_iso.o
LOAD ../../../lib/hal/src/hal_facc.o
LOAD ../../../lib/hal/src/hal_fspi.o
LOAD ../../../lib/hal/src/hal_gic.o
LOAD ../../../lib/hal/src/hal_gpio.o
LOAD ../../../lib/hal/src/hal_gpio_irq_group.o
LOAD ../../../lib/hal/src/hal_hcd.o
LOAD ../../../lib/hal/src/hal_hwspinlock.o
LOAD ../../../lib/hal/src/hal_hyperpsram.o
LOAD ../../../lib/hal/src/hal_i2c.o
LOAD ../../../lib/hal/src/hal_i2s.o
LOAD ../../../lib/hal/src/hal_i2stdm.o
LOAD ../../../lib/hal/src/hal_intmux.o
LOAD ../../../lib/hal/src/hal_irq_handler.o
LOAD ../../../lib/hal/src/hal_keyctrl.o
LOAD ../../../lib/hal/src/hal_mbox.o
LOAD ../../../lib/hal/src/hal_nvic.o
LOAD ../../../lib/hal/src/hal_ohci.o
LOAD ../../../lib/hal/src/hal_otp.o
LOAD ../../../lib/hal/src/hal_pcd.o
LOAD ../../../lib/hal/src/hal_pcd_ex.o
LOAD ../../../lib/hal/src/hal_pci_core.o
LOAD ../../../lib/hal/src/hal_pcie.o
LOAD ../../../lib/hal/src/hal_pd.o
LOAD ../../../lib/hal/src/hal_pdm.o
LOAD ../../../lib/hal/src/hal_pdm_v2.o
LOAD ../../../lib/hal/src/hal_pl330.o
LOAD ../../../lib/hal/src/hal_pvtm.o
LOAD ../../../lib/hal/src/hal_pwm.o
LOAD ../../../lib/hal/src/hal_pwr.o
LOAD ../../../lib/hal/src/hal_qpipsram.o
LOAD ../../../lib/hal/src/hal_riscvic.o
LOAD ../../../lib/hal/src/hal_rknpu.o
LOAD ../../../lib/hal/src/hal_sai.o
LOAD ../../../lib/hal/src/hal_saradc.o
LOAD ../../../lib/hal/src/hal_sdio.o
LOAD ../../../lib/hal/src/hal_sfc.o
LOAD ../../../lib/hal/src/hal_smccc.o
LOAD ../../../lib/hal/src/hal_smccc_gcc.o
LOAD ../../../lib/hal/src/hal_snor.o
LOAD ../../../lib/hal/src/hal_spdifrx.o
LOAD ../../../lib/hal/src/hal_spdiftx.o
LOAD ../../../lib/hal/src/hal_spi.o
LOAD ../../../lib/hal/src/hal_spi2ahb.o
LOAD ../../../lib/hal/src/hal_spi2apb.o
LOAD ../../../lib/hal/src/hal_spinand.o
LOAD ../../../lib/hal/src/hal_spinlock.o
LOAD ../../../lib/hal/src/hal_systick.o
LOAD ../../../lib/hal/src/hal_timer.o
LOAD ../../../lib/hal/src/hal_touchkey.o
LOAD ../../../lib/hal/src/hal_trng.o
LOAD ../../../lib/hal/src/hal_tsadc.o
LOAD ../../../lib/hal/src/hal_uart.o
LOAD ../../../lib/hal/src/hal_usb_core.o
LOAD ../../../lib/hal/src/hal_usb_phy.o
LOAD ../../../lib/hal/src/hal_usbh.o
LOAD ../../../lib/hal/src/hal_vad.o
LOAD ../../../lib/hal/src/hal_vdma.o
LOAD ../../../lib/hal/src/hal_vicap.o
LOAD ../../../lib/hal/src/hal_wdt.o
LOAD ../../../lib/hal/src/codec/hal_acodec_rk2106.o
LOAD ../../../lib/hal/src/codec/hal_acodec_rk3308.o
LOAD ../../../lib/hal/src/codec/hal_acodec_rk3506.o
LOAD ../../../lib/hal/src/cru/hal_cru.o
LOAD ../../../lib/hal/src/cru/hal_cru_koala.o
LOAD ../../../lib/hal/src/cru/hal_cru_pisces.o
LOAD ../../../lib/hal/src/cru/hal_cru_rk1808.o
LOAD ../../../lib/hal/src/cru/hal_cru_rk2106.o
LOAD ../../../lib/hal/src/cru/hal_cru_rk2108.o
LOAD ../../../lib/hal/src/cru/hal_cru_rk2118.o
LOAD ../../../lib/hal/src/cru/hal_cru_rk2206.o
LOAD ../../../lib/hal/src/cru/hal_cru_rk3308.o
LOAD ../../../lib/hal/src/cru/hal_cru_rk3358.o
LOAD ../../../lib/hal/src/cru/hal_cru_rk3506.o
LOAD ../../../lib/hal/src/cru/hal_cru_rk3562.o
LOAD ../../../lib/hal/src/cru/hal_cru_rk3568.o
LOAD ../../../lib/hal/src/cru/hal_cru_rk3576.o
LOAD ../../../lib/hal/src/cru/hal_cru_rk3588.o
LOAD ../../../lib/hal/src/cru/hal_cru_rv1103b.o
LOAD ../../../lib/hal/src/cru/hal_cru_rv1106.o
LOAD ../../../lib/hal/src/cru/hal_cru_rv1108.o
LOAD ../../../lib/hal/src/cru/hal_cru_rv1126.o
LOAD ../../../lib/hal/src/cru/hal_cru_swallow.o
LOAD ../../../lib/hal/src/crypto/hal_crypto.o
LOAD ../../../lib/hal/src/crypto/hal_crypto_pka.o
LOAD ../../../lib/hal/src/crypto/hal_crypto_trng.o
LOAD ../../../lib/hal/src/display/hal_dsi.o
LOAD ../../../lib/hal/src/display/hal_dw_mipi_dsi.o
LOAD ../../../lib/hal/src/display/hal_inno_mipi_dphy.o
LOAD ../../../lib/hal/src/display/hal_vop2_rk3568.o
LOAD ../../../lib/hal/src/display/hal_vop_rk2108.o
LOAD ../../../lib/hal/src/display/hal_vop_rk2118.o
LOAD ../../../lib/hal/src/display/hal_vop_rk3308.o
LOAD ../../../lib/hal/src/display/hal_vop_rk3506.o
LOAD ../../../lib/hal/src/display/hal_vop_rv1106.o
LOAD ../../../lib/hal/src/display/hal_vop_rv1126.o
LOAD ../../../lib/hal/src/dsp/hal_dsp_koala.o
LOAD ../../../lib/hal/src/dsp/hal_dsp_rk2108.o
LOAD ../../../lib/hal/src/dsp/hal_dsp_rk2206.o
LOAD ../../../lib/hal/src/flexbus/hal_flexbus.o
LOAD ../../../lib/hal/src/flexbus/hal_flexbus_adc.o
LOAD ../../../lib/hal/src/flexbus/hal_flexbus_dac.o
LOAD ../../../lib/hal/src/flexbus/hal_flexbus_rk3506.o
LOAD ../../../lib/hal/src/flexbus/hal_flexbus_spi.o
LOAD ../../../lib/hal/src/gmac/hal_gmac.o
LOAD ../../../lib/hal/src/gmac/hal_gmac1000.o
LOAD ../../../lib/hal/src/gmac/hal_gmac_rk2118.o
LOAD ../../../lib/hal/src/gmac/hal_gmac_rk3308.o
LOAD ../../../lib/hal/src/gmac/hal_gmac_rk3358.o
LOAD ../../../lib/hal/src/gmac/hal_gmac_rk3506.o
LOAD ../../../lib/hal/src/gmac/hal_gmac_rk3562.o
LOAD ../../../lib/hal/src/gmac/hal_gmac_rk3568.o
LOAD ../../../lib/hal/src/npor/hal_npor_rk2118.o
LOAD ../../../lib/hal/src/npor/hal_npor_rk3506.o
LOAD ../../../lib/hal/src/pinctrl/hal_pinctrl.o
LOAD ../../../lib/hal/src/pinctrl/hal_pinctrl_iofunc.o
LOAD ../../../lib/hal/src/pinctrl/hal_pinctrl_rk2118.o
LOAD ../../../lib/hal/src/pinctrl/hal_pinctrl_rk3308.o
LOAD ../../../lib/hal/src/pinctrl/hal_pinctrl_rk3358.o
LOAD ../../../lib/hal/src/pinctrl/hal_pinctrl_rk3506.o
LOAD ../../../lib/hal/src/pinctrl/hal_pinctrl_rk3562.o
LOAD ../../../lib/hal/src/pinctrl/hal_pinctrl_rk3576.o
LOAD ../../../lib/hal/src/pinctrl/hal_pinctrl_rk3588.o
LOAD ../../../lib/hal/src/pinctrl/hal_pinctrl_rv1103b.o
LOAD ../../../lib/hal/src/pinctrl/hal_pinctrl_rv1106.o
LOAD ../../../lib/hal/src/pinctrl/hal_pinctrl_v2.o
LOAD ../../../lib/hal/src/pm/hal_cpu_sleep.o
LOAD ../../../lib/hal/src/pm/hal_pm_cpu.o
LOAD ../../../lib/hal/src/pm/hal_pm_pisces.o
LOAD ../../../lib/hal/src/pm/hal_pm_rk2108.o
LOAD ../../../lib/hal/src/pm/hal_pm_rk2206.o
LOAD ../../../lib/bsp/RK3506/hal_bsp.o
LOAD ../../../lib/CMSIS/Device/RK3506/Source/Templates/mmu_rk3506.o
LOAD ../../../lib/CMSIS/Device/RK3506/Source/Templates/system_rk3506.o
LOAD ../../../lib/CMSIS/Device/RK3506/Source/Templates/system_rk3506_mcu.o
LOAD ../../../test/unity/extras/fixture/src/unity_fixture.o
LOAD ../../../test/unity/src/unity.o
LOAD ../../../test/hal/test_cru.o
LOAD ../../../test/hal/test_dcache.o
LOAD ../../../test/hal/test_demo.o
LOAD ../../../test/hal/test_gmac.o
LOAD ../../../test/hal/test_i2c.o
LOAD ../../../test/hal/test_leagacy.o
LOAD ../../../test/hal/test_mpu.o
LOAD ../../../test/hal/test_pcie.o
LOAD ../../../test/hal/test_pd.o
LOAD ../../../test/hal/test_pl330.o
LOAD ../../../test/hal/test_saradc.o
LOAD ../../../test/hal/test_sdhci.o
LOAD ../../../test/hal/test_snor.o
LOAD ../../../test/hal/test_spi.o
LOAD ../../../test/hal/test_timer.o
LOAD ../../../test/hal/psram/test_hyper_cru.o
LOAD ../../../test/hal/psram/test_hyperpsram.o
LOAD ../../../test/hal/psram/test_psram.o
LOAD ../../../test/hal/psram/test_qpipsram.o
LOAD ../../../test/unity_port.o
LOAD ../../../test/unity_runner.o
LOAD /home/rmer/Project/Linux/rk3506_linux6.1_sdk_v1.2.0/prebuilts/gcc/linux-x86/arm/gcc-arm-none-eabi-10-2020-q4-major-x86_64-linux/bin/../lib/gcc/arm-none-eabi/10.2.1/../../../../arm-none-eabi/lib/thumb/v6-m/nofp/libc.a
LOAD /home/rmer/Project/Linux/rk3506_linux6.1_sdk_v1.2.0/prebuilts/gcc/linux-x86/arm/gcc-arm-none-eabi-10-2020-q4-major-x86_64-linux/bin/../lib/gcc/arm-none-eabi/10.2.1/../../../../arm-none-eabi/lib/thumb/v6-m/nofp/libm.a
LOAD /home/rmer/Project/Linux/rk3506_linux6.1_sdk_v1.2.0/prebuilts/gcc/linux-x86/arm/gcc-arm-none-eabi-10-2020-q4-major-x86_64-linux/bin/../lib/gcc/arm-none-eabi/10.2.1/thumb/v6-m/nofp/libgcc.a
START GROUP
LOAD /home/rmer/Project/Linux/rk3506_linux6.1_sdk_v1.2.0/prebuilts/gcc/linux-x86/arm/gcc-arm-none-eabi-10-2020-q4-major-x86_64-linux/bin/../lib/gcc/arm-none-eabi/10.2.1/thumb/v6-m/nofp/libgcc.a
LOAD /home/rmer/Project/Linux/rk3506_linux6.1_sdk_v1.2.0/prebuilts/gcc/linux-x86/arm/gcc-arm-none-eabi-10-2020-q4-major-x86_64-linux/bin/../lib/gcc/arm-none-eabi/10.2.1/../../../../arm-none-eabi/lib/thumb/v6-m/nofp/libg.a
LOAD /home/rmer/Project/Linux/rk3506_linux6.1_sdk_v1.2.0/prebuilts/gcc/linux-x86/arm/gcc-arm-none-eabi-10-2020-q4-major-x86_64-linux/bin/../lib/gcc/arm-none-eabi/10.2.1/../../../../arm-none-eabi/lib/thumb/v6-m/nofp/libc.a
END GROUP
START GROUP
LOAD /home/rmer/Project/Linux/rk3506_linux6.1_sdk_v1.2.0/prebuilts/gcc/linux-x86/arm/gcc-arm-none-eabi-10-2020-q4-major-x86_64-linux/bin/../lib/gcc/arm-none-eabi/10.2.1/thumb/v6-m/nofp/libgcc.a
LOAD /home/rmer/Project/Linux/rk3506_linux6.1_sdk_v1.2.0/prebuilts/gcc/linux-x86/arm/gcc-arm-none-eabi-10-2020-q4-major-x86_64-linux/bin/../lib/gcc/arm-none-eabi/10.2.1/../../../../arm-none-eabi/lib/thumb/v6-m/nofp/libc.a
LOAD /home/rmer/Project/Linux/rk3506_linux6.1_sdk_v1.2.0/prebuilts/gcc/linux-x86/arm/gcc-arm-none-eabi-10-2020-q4-major-x86_64-linux/bin/../lib/gcc/arm-none-eabi/10.2.1/../../../../arm-none-eabi/lib/thumb/v6-m/nofp/libnosys.a
END GROUP
                0x0000000000000400                __STACK_SIZE = 0x400

.text           0x0000000003a00000     0x5320
 *(.vectors)
 .vectors       0x0000000003a00000      0x140 ../../../lib/CMSIS/Device/RK3506/Source/Templates/GCC/start_rk3506_mcu.o
                0x0000000003a00000                __Vectors
                0x0000000003a00140                __Vectors_End
                0x0000000003a00140                _stext = .
                0x0000000003a00140                . = ALIGN (0x10)
 *(.init)
 *(.fini)
 *(.text)
 .text          0x0000000003a00140       0x5c ../../../lib/CMSIS/Device/RK3506/Source/Templates/GCC/start_rk3506_mcu.o
                0x0000000003a00140                Reset_Handler
                0x0000000003a00184                DebugMon_Handler
                0x0000000003a00184                HardFault_Handler
                0x0000000003a00184                SysTick_Handler
                0x0000000003a00184                PendSV_Handler
                0x0000000003a00184                NMI_Handler
                0x0000000003a00184                UsageFault_Handler
                0x0000000003a00184                Default_Handler
                0x0000000003a00184                MemManage_Handler
                0x0000000003a00184                SVC_Handler
                0x0000000003a00184                BusFault_Handler
 .text          0x0000000003a0019c      0x114 /home/rmer/Project/Linux/rk3506_linux6.1_sdk_v1.2.0/prebuilts/gcc/linux-x86/arm/gcc-arm-none-eabi-10-2020-q4-major-x86_64-linux/bin/../lib/gcc/arm-none-eabi/10.2.1/thumb/v6-m/nofp/libgcc.a(_udivsi3.o)
                0x0000000003a0019c                __udivsi3
                0x0000000003a0019c                __aeabi_uidiv
                0x0000000003a002a8                __aeabi_uidivmod
 .text          0x0000000003a002b0      0x1d4 /home/rmer/Project/Linux/rk3506_linux6.1_sdk_v1.2.0/prebuilts/gcc/linux-x86/arm/gcc-arm-none-eabi-10-2020-q4-major-x86_64-linux/bin/../lib/gcc/arm-none-eabi/10.2.1/thumb/v6-m/nofp/libgcc.a(_divsi3.o)
                0x0000000003a002b0                __aeabi_idiv
                0x0000000003a002b0                __divsi3
                0x0000000003a0047c                __aeabi_idivmod
 .text          0x0000000003a00484        0x4 /home/rmer/Project/Linux/rk3506_linux6.1_sdk_v1.2.0/prebuilts/gcc/linux-x86/arm/gcc-arm-none-eabi-10-2020-q4-major-x86_64-linux/bin/../lib/gcc/arm-none-eabi/10.2.1/thumb/v6-m/nofp/libgcc.a(_dvmd_tls.o)
                0x0000000003a00484                __aeabi_ldiv0
                0x0000000003a00484                __aeabi_idiv0
 .text          0x0000000003a00488       0x3c /home/rmer/Project/Linux/rk3506_linux6.1_sdk_v1.2.0/prebuilts/gcc/linux-x86/arm/gcc-arm-none-eabi-10-2020-q4-major-x86_64-linux/bin/../lib/gcc/arm-none-eabi/10.2.1/thumb/v6-m/nofp/libgcc.a(_clzsi2.o)
                0x0000000003a00488                __clzsi2
 .text          0x0000000003a004c4       0x48 /home/rmer/Project/Linux/rk3506_linux6.1_sdk_v1.2.0/prebuilts/gcc/linux-x86/arm/gcc-arm-none-eabi-10-2020-q4-major-x86_64-linux/bin/../lib/gcc/arm-none-eabi/10.2.1/thumb/v6-m/nofp/libgcc.a(_aeabi_ldivmod.o)
                0x0000000003a004c4                __aeabi_ldivmod
 .text          0x0000000003a0050c       0x40 /home/rmer/Project/Linux/rk3506_linux6.1_sdk_v1.2.0/prebuilts/gcc/linux-x86/arm/gcc-arm-none-eabi-10-2020-q4-major-x86_64-linux/bin/../lib/gcc/arm-none-eabi/10.2.1/thumb/v6-m/nofp/libgcc.a(_aeabi_uldivmod.o)
                0x0000000003a0050c                __aeabi_uldivmod
 .text          0x0000000003a0054c       0x5c /home/rmer/Project/Linux/rk3506_linux6.1_sdk_v1.2.0/prebuilts/gcc/linux-x86/arm/gcc-arm-none-eabi-10-2020-q4-major-x86_64-linux/bin/../lib/gcc/arm-none-eabi/10.2.1/thumb/v6-m/nofp/libgcc.a(_muldi3.o)
                0x0000000003a0054c                __aeabi_lmul
                0x0000000003a0054c                __muldi3
 .text          0x0000000003a005a8       0x14 /home/rmer/Project/Linux/rk3506_linux6.1_sdk_v1.2.0/prebuilts/gcc/linux-x86/arm/gcc-arm-none-eabi-10-2020-q4-major-x86_64-linux/bin/../lib/gcc/arm-none-eabi/10.2.1/thumb/v6-m/nofp/libgcc.a(_ffssi2.o)
                0x0000000003a005a8                __ffssi2
 .text          0x0000000003a005bc      0x198 /home/rmer/Project/Linux/rk3506_linux6.1_sdk_v1.2.0/prebuilts/gcc/linux-x86/arm/gcc-arm-none-eabi-10-2020-q4-major-x86_64-linux/bin/../lib/gcc/arm-none-eabi/10.2.1/thumb/v6-m/nofp/libgcc.a(_udivmoddi4.o)
                0x0000000003a005bc                __udivmoddi4
 .text          0x0000000003a00754       0x3c /home/rmer/Project/Linux/rk3506_linux6.1_sdk_v1.2.0/prebuilts/gcc/linux-x86/arm/gcc-arm-none-eabi-10-2020-q4-major-x86_64-linux/bin/../lib/gcc/arm-none-eabi/10.2.1/thumb/v6-m/nofp/libgcc.a(bpabi.o)
                0x0000000003a00754                __gnu_ldivmod_helper
 .text          0x0000000003a00790      0xa30 /home/rmer/Project/Linux/rk3506_linux6.1_sdk_v1.2.0/prebuilts/gcc/linux-x86/arm/gcc-arm-none-eabi-10-2020-q4-major-x86_64-linux/bin/../lib/gcc/arm-none-eabi/10.2.1/thumb/v6-m/nofp/libgcc.a(unwind-arm.o)
                0x0000000003a00a5c                _Unwind_GetCFA
                0x0000000003a00a60                __gnu_Unwind_RaiseException
                0x0000000003a00ab4                __gnu_Unwind_ForcedUnwind
                0x0000000003a00ac8                __gnu_Unwind_Resume
                0x0000000003a00b10                __gnu_Unwind_Resume_or_Rethrow
                0x0000000003a00b2c                _Unwind_Complete
                0x0000000003a00b30                _Unwind_DeleteException
                0x0000000003a00b40                _Unwind_VRS_Get
                0x0000000003a00b8c                _Unwind_VRS_Set
                0x0000000003a00bd8                __gnu_Unwind_Backtrace
                0x0000000003a00f34                __aeabi_unwind_cpp_pr0
                0x0000000003a00f40                __aeabi_unwind_cpp_pr1
                0x0000000003a00f4c                __aeabi_unwind_cpp_pr2
                0x0000000003a00f58                _Unwind_VRS_Pop
 .text          0x0000000003a011c0      0x144 /home/rmer/Project/Linux/rk3506_linux6.1_sdk_v1.2.0/prebuilts/gcc/linux-x86/arm/gcc-arm-none-eabi-10-2020-q4-major-x86_64-linux/bin/../lib/gcc/arm-none-eabi/10.2.1/thumb/v6-m/nofp/libgcc.a(libunwind.o)
                0x0000000003a011c0                __restore_core_regs
                0x0000000003a011c0                restore_core_regs
                0x0000000003a011ec                __gnu_Unwind_Restore_VFP
                0x0000000003a011f0                __gnu_Unwind_Save_VFP
                0x0000000003a011f4                __gnu_Unwind_Restore_VFP_D
                0x0000000003a011f8                __gnu_Unwind_Save_VFP_D
                0x0000000003a011fc                __gnu_Unwind_Restore_VFP_D_16_to_31
                0x0000000003a01200                __gnu_Unwind_Save_VFP_D_16_to_31
                0x0000000003a01204                __gnu_Unwind_Restore_WMMXD
                0x0000000003a01208                __gnu_Unwind_Save_WMMXD
                0x0000000003a0120c                __gnu_Unwind_Restore_WMMXC
                0x0000000003a01210                __gnu_Unwind_Save_WMMXC
                0x0000000003a01214                ___Unwind_RaiseException
                0x0000000003a01214                _Unwind_RaiseException
                0x0000000003a01244                ___Unwind_Resume
                0x0000000003a01244                _Unwind_Resume
                0x0000000003a01274                _Unwind_Resume_or_Rethrow
                0x0000000003a01274                ___Unwind_Resume_or_Rethrow
                0x0000000003a012a4                ___Unwind_ForcedUnwind
                0x0000000003a012a4                _Unwind_ForcedUnwind
                0x0000000003a012d4                _Unwind_Backtrace
                0x0000000003a012d4                ___Unwind_Backtrace
 .text          0x0000000003a01304      0x38c /home/rmer/Project/Linux/rk3506_linux6.1_sdk_v1.2.0/prebuilts/gcc/linux-x86/arm/gcc-arm-none-eabi-10-2020-q4-major-x86_64-linux/bin/../lib/gcc/arm-none-eabi/10.2.1/thumb/v6-m/nofp/libgcc.a(pr-support.o)
                0x0000000003a01358                __gnu_unwind_execute
                0x0000000003a01648                __gnu_unwind_frame
                0x0000000003a01670                _Unwind_GetRegionStart
                0x0000000003a0167c                _Unwind_GetLanguageSpecificData
 .text          0x0000000003a01690       0x18 /home/rmer/Project/Linux/rk3506_linux6.1_sdk_v1.2.0/prebuilts/gcc/linux-x86/arm/gcc-arm-none-eabi-10-2020-q4-major-x86_64-linux/bin/../lib/gcc/arm-none-eabi/10.2.1/thumb/v6-m/nofp/libgcc.a(_clzdi2.o)
                0x0000000003a01690                __clzdi2
 .text          0x0000000003a016a8       0x40 /home/rmer/Project/Linux/rk3506_linux6.1_sdk_v1.2.0/prebuilts/gcc/linux-x86/arm/gcc-arm-none-eabi-10-2020-q4-major-x86_64-linux/bin/../lib/gcc/arm-none-eabi/10.2.1/thumb/v6-m/nofp/libgcc.a(_ctzsi2.o)
                0x0000000003a016a8                __ctzsi2
 .text          0x0000000003a016e8      0x1cc /home/rmer/Project/Linux/rk3506_linux6.1_sdk_v1.2.0/prebuilts/gcc/linux-x86/arm/gcc-arm-none-eabi-10-2020-q4-major-x86_64-linux/bin/../lib/gcc/arm-none-eabi/10.2.1/thumb/v6-m/nofp/libgcc.a(_divdi3.o)
                0x0000000003a016e8                __divdi3
 *(.text.*)
 .text._write   0x0000000003a018b4       0x58 ../src/main.o
                0x0000000003a018b4                _write
 .text.startup.main
                0x0000000003a0190c       0xcc ../src/main.o
                0x0000000003a0190c                main
 .text.entry    0x0000000003a019d8        0x8 ../src/main.o
                0x0000000003a019d8                entry
 .text._getpid_r
                0x0000000003a019e0        0x4 ../src/syscall.o
                0x0000000003a019e0                _getpid_r
 .text._kill_r  0x0000000003a019e4        0x8 ../src/syscall.o
                0x0000000003a019e4                _kill_r
 .text.HAL_Init
                0x0000000003a019ec       0x20 ../../../lib/hal/src/hal_base.o
                0x0000000003a019ec                HAL_Init
 .text.HAL_DelayMs
                0x0000000003a01a0c       0x60 ../../../lib/hal/src/hal_base.o
                0x0000000003a01a0c                HAL_DelayMs
 .text.HAL_DBG_Printf
                0x0000000003a01a6c      0x308 ../../../lib/hal/src/hal_debug.o
                0x0000000003a01a6c                HAL_DBG_Printf
 .text.INTMUX_Dispatch
                0x0000000003a01d74       0x54 ../../../lib/hal/src/hal_intmux.o
 .text.HAL_INTMUX_OUT0_Handler
                0x0000000003a01dc8        0xc ../../../lib/hal/src/hal_intmux.o
 .text.HAL_INTMUX_OUT1_Handler
                0x0000000003a01dd4        0xc ../../../lib/hal/src/hal_intmux.o
 .text.HAL_INTMUX_OUT2_Handler
                0x0000000003a01de0        0xc ../../../lib/hal/src/hal_intmux.o
 .text.HAL_INTMUX_OUT3_Handler
                0x0000000003a01dec        0xc ../../../lib/hal/src/hal_intmux.o
 .text.HAL_INTMUX_Init
                0x0000000003a01df8       0x50 ../../../lib/hal/src/hal_intmux.o
                0x0000000003a01df8                HAL_INTMUX_Init
 .text.HAL_NVIC_SetIRQHandler
                0x0000000003a01e48        0x8 ../../../lib/hal/src/hal_nvic.o
                0x0000000003a01e48                HAL_NVIC_SetIRQHandler
 .text.HAL_NVIC_SetPriorityGrouping
                0x0000000003a01e50        0x4 ../../../lib/hal/src/hal_nvic.o
                0x0000000003a01e50                HAL_NVIC_SetPriorityGrouping
 .text.HAL_NVIC_EnableIRQ
                0x0000000003a01e54       0x18 ../../../lib/hal/src/hal_nvic.o
                0x0000000003a01e54                HAL_NVIC_EnableIRQ
 .text.HAL_NVIC_Init
                0x0000000003a01e6c        0x4 ../../../lib/hal/src/hal_nvic.o
                0x0000000003a01e6c                HAL_NVIC_Init
 .text.HAL_TIMER_SysTimerInit
                0x0000000003a01e70       0x28 ../../../lib/hal/src/hal_timer.o
                0x0000000003a01e70                HAL_TIMER_SysTimerInit
 .text.HAL_TIMER_GetCount
                0x0000000003a01e98       0x10 ../../../lib/hal/src/hal_timer.o
                0x0000000003a01e98                HAL_TIMER_GetCount
 .text.HAL_UART_SerialOutChar
                0x0000000003a01ea8        0xc ../../../lib/hal/src/hal_uart.o
                0x0000000003a01ea8                HAL_UART_SerialOutChar
 .text.HAL_UART_Init
                0x0000000003a01eb4       0x90 ../../../lib/hal/src/hal_uart.o
                0x0000000003a01eb4                HAL_UART_Init
 .text.HAL_CRU_MuxGetFreqArray
                0x0000000003a01f44       0x48 ../../../lib/hal/src/cru/hal_cru.o
                0x0000000003a01f44                HAL_CRU_MuxGetFreqArray
 .text.HAL_CRU_MuxGetFreq4
                0x0000000003a01f8c       0x5c ../../../lib/hal/src/cru/hal_cru.o
                0x0000000003a01f8c                HAL_CRU_MuxGetFreq4
 .text.HAL_CRU_MuxGetFreq3
                0x0000000003a01fe8       0x58 ../../../lib/hal/src/cru/hal_cru.o
                0x0000000003a01fe8                HAL_CRU_MuxGetFreq3
 .text.HAL_CRU_RoundFreqGetMuxArray
                0x0000000003a02040       0x68 ../../../lib/hal/src/cru/hal_cru.o
                0x0000000003a02040                HAL_CRU_RoundFreqGetMuxArray
 .text.HAL_CRU_RoundFreqGetMux4
                0x0000000003a020a8       0x58 ../../../lib/hal/src/cru/hal_cru.o
                0x0000000003a020a8                HAL_CRU_RoundFreqGetMux4
 .text.HAL_CRU_RoundFreqGetMux3
                0x0000000003a02100       0x3c ../../../lib/hal/src/cru/hal_cru.o
                0x0000000003a02100                HAL_CRU_RoundFreqGetMux3
 .text.HAL_CRU_GetPllFreq
                0x0000000003a0213c       0xcc ../../../lib/hal/src/cru/hal_cru.o
                0x0000000003a0213c                HAL_CRU_GetPllFreq
 .text.HAL_CRU_ClkEnable
                0x0000000003a02208       0x30 ../../../lib/hal/src/cru/hal_cru.o
                0x0000000003a02208                HAL_CRU_ClkEnable
 .text.HAL_CRU_ClkSetDiv
                0x0000000003a02238       0x48 ../../../lib/hal/src/cru/hal_cru.o
                0x0000000003a02238                HAL_CRU_ClkSetDiv
 .text.HAL_CRU_ClkGetDiv
                0x0000000003a02280       0x38 ../../../lib/hal/src/cru/hal_cru.o
                0x0000000003a02280                HAL_CRU_ClkGetDiv
 .text.HAL_CRU_ClkSetMux
                0x0000000003a022b8       0x38 ../../../lib/hal/src/cru/hal_cru.o
                0x0000000003a022b8                HAL_CRU_ClkSetMux
 .text.HAL_CRU_ClkSetFracDiv
                0x0000000003a022f0       0x2c ../../../lib/hal/src/cru/hal_cru.o
                0x0000000003a022f0                HAL_CRU_ClkSetFracDiv
 .text.HAL_CRU_ClkGetFracDiv
                0x0000000003a0231c       0x30 ../../../lib/hal/src/cru/hal_cru.o
                0x0000000003a0231c                HAL_CRU_ClkGetFracDiv
 .text.HAL_CRU_FracdivGetConfig
                0x0000000003a0234c       0x80 ../../../lib/hal/src/cru/hal_cru.o
                0x0000000003a0234c                HAL_CRU_FracdivGetConfig
 .text.HAL_CRU_FracdivGetConfigV2
                0x0000000003a023cc       0x80 ../../../lib/hal/src/cru/hal_cru.o
                0x0000000003a023cc                HAL_CRU_FracdivGetConfigV2
 .text.HAL_CRU_ClkFracGetFreq
                0x0000000003a0244c      0x148 ../../../lib/hal/src/cru/hal_cru_rk3506.o
 .text.HAL_CRU_ClkFracSetFreq.isra.0
                0x0000000003a02594      0x1d4 ../../../lib/hal/src/cru/hal_cru_rk3506.o
 .text.HAL_CRU_ClkGetFreq
                0x0000000003a02768      0x5a4 ../../../lib/hal/src/cru/hal_cru_rk3506.o
                0x0000000003a02768                HAL_CRU_ClkGetFreq
 .text.HAL_CRU_ClkGetOtherFreq
                0x0000000003a02d0c      0x4c4 ../../../lib/hal/src/cru/hal_cru_rk3506.o
 .text.CRU_Init
                0x0000000003a031d0      0x120 ../../../lib/hal/src/cru/hal_cru_rk3506.o
 .text.HAL_CRU_ClkSetFreq
                0x0000000003a032f0      0xc90 ../../../lib/hal/src/cru/hal_cru_rk3506.o
                0x0000000003a032f0                HAL_CRU_ClkSetFreq
 .text.PINCTRL_SetIOMUX
                0x0000000003a03f80      0x2b0 ../../../lib/hal/src/pinctrl/hal_pinctrl_rk3506.o
 .text.HAL_PINCTRL_Init
                0x0000000003a04230        0x4 ../../../lib/hal/src/pinctrl/hal_pinctrl_rk3506.o
                0x0000000003a04230                HAL_PINCTRL_Init
 .text.HAL_PINCTRL_SetParam
                0x0000000003a04234      0xe1c ../../../lib/hal/src/pinctrl/hal_pinctrl_rk3506.o
                0x0000000003a04234                HAL_PINCTRL_SetParam
 .text.HAL_PINCTRL_SetIOMUX
                0x0000000003a05050        0x8 ../../../lib/hal/src/pinctrl/hal_pinctrl_rk3506.o
                0x0000000003a05050                HAL_PINCTRL_SetIOMUX
 .text.BSP_Init
                0x0000000003a05058        0x4 ../../../lib/bsp/RK3506/hal_bsp.o
                0x0000000003a05058                BSP_Init
 .text.SystemInit
                0x0000000003a0505c        0x8 ../../../lib/CMSIS/Device/RK3506/Source/Templates/system_rk3506_mcu.o
                0x0000000003a0505c                SystemInit
 .text.memcpy   0x0000000003a05064       0xa4 /home/rmer/Project/Linux/rk3506_linux6.1_sdk_v1.2.0/prebuilts/gcc/linux-x86/arm/gcc-arm-none-eabi-10-2020-q4-major-x86_64-linux/bin/../lib/gcc/arm-none-eabi/10.2.1/../../../../arm-none-eabi/lib/thumb/v6-m/nofp/libc.a(lib_a-memcpy-stub.o)
                0x0000000003a05064                memcpy
 .text.abort    0x0000000003a05108       0x10 /home/rmer/Project/Linux/rk3506_linux6.1_sdk_v1.2.0/prebuilts/gcc/linux-x86/arm/gcc-arm-none-eabi-10-2020-q4-major-x86_64-linux/bin/../lib/gcc/arm-none-eabi/10.2.1/../../../../arm-none-eabi/lib/thumb/v6-m/nofp/libc.a(lib_a-abort.o)
                0x0000000003a05108                abort
 .text.raise    0x0000000003a05118       0x60 /home/rmer/Project/Linux/rk3506_linux6.1_sdk_v1.2.0/prebuilts/gcc/linux-x86/arm/gcc-arm-none-eabi-10-2020-q4-major-x86_64-linux/bin/../lib/gcc/arm-none-eabi/10.2.1/../../../../arm-none-eabi/lib/thumb/v6-m/nofp/libc.a(lib_a-signal.o)
                0x0000000003a05118                raise
 .text._exit    0x0000000003a05178        0x4 /home/rmer/Project/Linux/rk3506_linux6.1_sdk_v1.2.0/prebuilts/gcc/linux-x86/arm/gcc-arm-none-eabi-10-2020-q4-major-x86_64-linux/bin/../lib/gcc/arm-none-eabi/10.2.1/../../../../arm-none-eabi/lib/thumb/v6-m/nofp/libnosys.a(_exit.o)
                0x0000000003a05178                _exit
 *(.rodata)
 .rodata        0x0000000003a0517c        0x8 ../src/main.o
 *(.rodata*)
 .rodata.main.str1.4
                0x0000000003a05184       0xdf ../src/main.o
 *fill*         0x0000000003a05263        0x1 
 .rodata.PINCTRL_SetIOMUX.str1.4
                0x0000000003a05264       0x3f ../../../lib/hal/src/pinctrl/hal_pinctrl_rk3506.o
 *fill*         0x0000000003a052a3        0x1 
 .rodata.HAL_PINCTRL_SetParam.str1.4
                0x0000000003a052a4       0x3f ../../../lib/hal/src/pinctrl/hal_pinctrl_rk3506.o
 *fill*         0x0000000003a052e3        0x1 
 .rodata.g_cruDev
                0x0000000003a052e4        0x8 ../../../lib/bsp/RK3506/hal_bsp.o
                0x0000000003a052e4                g_cruDev
 *fill*         0x0000000003a052ec        0x4 
 .rodata.g_uart3Dev
                0x0000000003a052f0       0x28 ../../../lib/bsp/RK3506/hal_bsp.o
                0x0000000003a052f0                g_uart3Dev
 *(.glue_7)
 .glue_7        0x0000000003a05318        0x0 linker stubs
 *(.glue_7t)
 .glue_7t       0x0000000003a05318        0x0 linker stubs
 *(.gnu.linkonce.t*)
                0x0000000003a05320                . = ALIGN (0x10)
 *fill*         0x0000000003a05318        0x8 
                0x0000000003a05320                _etext = .

.vfp11_veneer   0x0000000003a05320        0x0
 .vfp11_veneer  0x0000000003a05320        0x0 linker stubs

.v4_bx          0x0000000003a05320        0x0
 .v4_bx         0x0000000003a05320        0x0 linker stubs

.iplt           0x0000000003a05320        0x0
 .iplt          0x0000000003a05320        0x0 ../src/main.o

.ARM.extab      0x0000000003a05320       0x30
 *(.ARM.extab* .gnu.linkonce.armextab.*)
 .ARM.extab     0x0000000003a05320       0x24 /home/rmer/Project/Linux/rk3506_linux6.1_sdk_v1.2.0/prebuilts/gcc/linux-x86/arm/gcc-arm-none-eabi-10-2020-q4-major-x86_64-linux/bin/../lib/gcc/arm-none-eabi/10.2.1/thumb/v6-m/nofp/libgcc.a(unwind-arm.o)
 .ARM.extab     0x0000000003a05344        0xc /home/rmer/Project/Linux/rk3506_linux6.1_sdk_v1.2.0/prebuilts/gcc/linux-x86/arm/gcc-arm-none-eabi-10-2020-q4-major-x86_64-linux/bin/../lib/gcc/arm-none-eabi/10.2.1/thumb/v6-m/nofp/libgcc.a(pr-support.o)
                0x0000000003a05350                __exidx_start = .

.ARM.exidx      0x0000000003a05350       0xd0
 *(.ARM.exidx* .gnu.linkonce.armexidx.*)
 .ARM.exidx     0x0000000003a05350       0x10 ../../../lib/CMSIS/Device/RK3506/Source/Templates/GCC/start_rk3506_mcu.o
 .ARM.exidx     0x0000000003a05360        0x0 /home/rmer/Project/Linux/rk3506_linux6.1_sdk_v1.2.0/prebuilts/gcc/linux-x86/arm/gcc-arm-none-eabi-10-2020-q4-major-x86_64-linux/bin/../lib/gcc/arm-none-eabi/10.2.1/thumb/v6-m/nofp/libgcc.a(_udivmoddi4.o)
                                          0x8 (size before relaxing)
 .ARM.exidx     0x0000000003a05360       0x90 /home/rmer/Project/Linux/rk3506_linux6.1_sdk_v1.2.0/prebuilts/gcc/linux-x86/arm/gcc-arm-none-eabi-10-2020-q4-major-x86_64-linux/bin/../lib/gcc/arm-none-eabi/10.2.1/thumb/v6-m/nofp/libgcc.a(unwind-arm.o)
                                         0xd8 (size before relaxing)
 .ARM.exidx     0x0000000003a053f0       0x30 /home/rmer/Project/Linux/rk3506_linux6.1_sdk_v1.2.0/prebuilts/gcc/linux-x86/arm/gcc-arm-none-eabi-10-2020-q4-major-x86_64-linux/bin/../lib/gcc/arm-none-eabi/10.2.1/thumb/v6-m/nofp/libgcc.a(pr-support.o)
                                         0x38 (size before relaxing)
 .ARM.exidx     0x0000000003a05420        0x0 /home/rmer/Project/Linux/rk3506_linux6.1_sdk_v1.2.0/prebuilts/gcc/linux-x86/arm/gcc-arm-none-eabi-10-2020-q4-major-x86_64-linux/bin/../lib/gcc/arm-none-eabi/10.2.1/thumb/v6-m/nofp/libgcc.a(_divdi3.o)
                                          0x8 (size before relaxing)
                0x0000000003a05420                __exidx_end = .

.rel.dyn        0x0000000003a05420        0x0
 .rel.iplt      0x0000000003a05420        0x0 ../src/main.o

.zero.table     0x0000000003a05420        0x8
                0x0000000003a05420                . = ALIGN (0x4)
                0x0000000003a05420                __zero_table_start__ = .
                0x0000000003a05420        0x4 LONG 0x3a05a20 __bss_start__
                0x0000000003a05424        0x4 LONG 0x440 (__bss_end__ - __bss_start__)
                0x0000000003a05428                __zero_table_end__ = .

.copy.table     0x0000000003a05428        0x0
                0x0000000003a05428                . = ALIGN (0x4)
                0x0000000003a05428                __copy_table_start__ = .
                0x0000000003a05428                __copy_table_end__ = .
                0x0000000003a05428                . = ALIGN (0x4)

.data           0x0000000003a05428      0x5f8
                [!provide]                        PROVIDE (__data_start__ = .)
 *(vtable)
 *(.data)
 *(.data.*)
 .data.GPLL     0x0000000003a05428       0x2c ../../../lib/hal/src/cru/hal_cru_rk3506.o
 .data.PLL_TABLE
                0x0000000003a05454       0xfc ../../../lib/hal/src/cru/hal_cru_rk3506.o
 .data.V0PLL    0x0000000003a05550       0x2c ../../../lib/hal/src/cru/hal_cru_rk3506.o
 .data.V1PLL    0x0000000003a0557c       0x2c ../../../lib/hal/src/cru/hal_cru_rk3506.o
 .data.cruBanks
                0x0000000003a055a8       0x40 ../../../lib/bsp/RK3506/hal_bsp.o
 .data._impure_ptr
                0x0000000003a055e8        0x4 /home/rmer/Project/Linux/rk3506_linux6.1_sdk_v1.2.0/prebuilts/gcc/linux-x86/arm/gcc-arm-none-eabi-10-2020-q4-major-x86_64-linux/bin/../lib/gcc/arm-none-eabi/10.2.1/../../../../arm-none-eabi/lib/thumb/v6-m/nofp/libc.a(lib_a-impure.o)
                0x0000000003a055e8                _impure_ptr
 *fill*         0x0000000003a055ec        0x4 
 .data.impure_data
                0x0000000003a055f0      0x428 /home/rmer/Project/Linux/rk3506_linux6.1_sdk_v1.2.0/prebuilts/gcc/linux-x86/arm/gcc-arm-none-eabi-10-2020-q4-major-x86_64-linux/bin/../lib/gcc/arm-none-eabi/10.2.1/../../../../arm-none-eabi/lib/thumb/v6-m/nofp/libc.a(lib_a-impure.o)
                0x0000000003a05a18                . = ALIGN (0x4)
                [!provide]                        PROVIDE (__preinit_array_start = .)
 *(.preinit_array)
                [!provide]                        PROVIDE (__preinit_array_end = .)
                0x0000000003a05a18                . = ALIGN (0x4)
                [!provide]                        PROVIDE (__init_array_start = .)
 *(SORT_BY_NAME(.init_array.*))
 *(.init_array)
                [!provide]                        PROVIDE (__init_array_end = .)
                0x0000000003a05a18                . = ALIGN (0x4)
                [!provide]                        PROVIDE (__fini_array_start = .)
 *(SORT_BY_NAME(.fini_array.*))
 *(.fini_array)
                [!provide]                        PROVIDE (__fini_array_end = .)
 *(.jcr*)
                0x0000000003a05a20                . = ALIGN (0x10)
 *fill*         0x0000000003a05a18        0x8 
 *(.sdata)
 *(.sdata.*)
                [!provide]                        PROVIDE (__data_end__ = .)

.igot.plt       0x0000000003a05a20        0x0
 .igot.plt      0x0000000003a05a20        0x0 ../src/main.o
                0x0000000003a05a20                . = ALIGN (0x10)

.ctors          0x0000000003a05a20        0x0
                [!provide]                        PROVIDE (__ctors_start__ = .)
 *(SORT_BY_NAME(.ctors.*))
 *(.ctors)
                [!provide]                        PROVIDE (__ctors_end__ = .)

.dtors          0x0000000003a05a20        0x0
                [!provide]                        PROVIDE (__dtors_start__ = .)
 *(SORT_BY_NAME(.dtors.*))
 *(.dtors)
                [!provide]                        PROVIDE (__dtors_end__ = .)

.linux_share_rpmsg
                0x0000000003c00000   0x200000
                0x0000000003c00000                PROVIDE (__linux_share_rpmsg_start__ = .)
                0x0000000003e00000                . = (. + LENGTH (LINUX_RPMSG))
 *fill*         0x0000000003c00000   0x200000 
                0x0000000003e00000                PROVIDE (__linux_share_rpmsg_end__ = .)
                0x0000000003e00000                . = ALIGN (0x10)

.bss            0x0000000003a05a20      0x440
                0x0000000003a05a20                PROVIDE (__bss_start__ = .)
 *(.bss)
 *(.bss.*)
 .bss.count     0x0000000003a05a20        0x4 ../src/main.o
 .bss.s_intmuxHandler
                0x0000000003a05a24      0x400 ../../../lib/hal/src/hal_intmux.o
 .bss.s_fracCom0Freq
                0x0000000003a05e24        0x4 ../../../lib/hal/src/cru/hal_cru_rk3506.o
 .bss.s_fracCom1Freq
                0x0000000003a05e28        0x4 ../../../lib/hal/src/cru/hal_cru_rk3506.o
 .bss.s_fracCom2Freq
                0x0000000003a05e2c        0x4 ../../../lib/hal/src/cru/hal_cru_rk3506.o
 .bss.s_fracUart0Freq
                0x0000000003a05e30        0x4 ../../../lib/hal/src/cru/hal_cru_rk3506.o
 .bss.s_fracUart1Freq
                0x0000000003a05e34        0x4 ../../../lib/hal/src/cru/hal_cru_rk3506.o
 .bss.s_fracVoice0Freq
                0x0000000003a05e38        0x4 ../../../lib/hal/src/cru/hal_cru_rk3506.o
 .bss.s_fracVoice1Freq
                0x0000000003a05e3c        0x4 ../../../lib/hal/src/cru/hal_cru_rk3506.o
 .bss.s_gpllFreq
                0x0000000003a05e40        0x4 ../../../lib/hal/src/cru/hal_cru_rk3506.o
 .bss.s_intVoice0Freq
                0x0000000003a05e44        0x4 ../../../lib/hal/src/cru/hal_cru_rk3506.o
 .bss.s_intVoice1Freq
                0x0000000003a05e48        0x4 ../../../lib/hal/src/cru/hal_cru_rk3506.o
 .bss.s_intVoice2Freq
                0x0000000003a05e4c        0x4 ../../../lib/hal/src/cru/hal_cru_rk3506.o
 .bss.s_v0pllFreq
                0x0000000003a05e50        0x4 ../../../lib/hal/src/cru/hal_cru_rk3506.o
 .bss.s_v1pllFreq
                0x0000000003a05e54        0x4 ../../../lib/hal/src/cru/hal_cru_rk3506.o
 *(.dynbss)
 *(COMMON)
                0x0000000003a05e60                . = ALIGN (0x10)
 *fill*         0x0000000003a05e58        0x8 
                0x0000000003a05e60                PROVIDE (__bss_end__ = .)
                0x0000000003a05e60                _end = .
                0x0000000003a05e60                PROVIDE (end = .)
                0x0000000003a05e60                . = ALIGN (0x10)
                0x0000000003a0fc00                __STACK_START = ((ORIGIN (RAM) + LENGTH (RAM)) - __STACK_SIZE)
                0x0000000000009da0                __HEAP_SIZE = (__STACK_START - .)

.heap           0x0000000003a05e60     0x9da0
                [!provide]                        PROVIDE (__heap_start = .)
                0x0000000003a0fc00                . = (. + __HEAP_SIZE)
 *fill*         0x0000000003a05e60     0x9da0 
                [!provide]                        PROVIDE (__heap_end = .)
                0x0000000003a0fc00                __HeapLimit = .

.stack          0x0000000003a0fc00      0x400
                0x0000000003a0fc00                __StackLimit = .
                0x0000000003a0fc00                PROVIDE (__StackTop = .)
                0x0000000003a10000                . = (. + __STACK_SIZE)
 *fill*         0x0000000003a0fc00      0x400 
                0x0000000003a10000                __stack = .
OUTPUT(TestDemo.elf elf32-littlearm)
LOAD linker stubs

.debug_info     0x0000000000000000     0xdf44
 .debug_info    0x0000000000000000     0x18c3 ../src/main.o
 .debug_info    0x00000000000018c3      0x8df ../../../lib/hal/src/hal_base.o
 .debug_info    0x00000000000021a2      0x7e7 ../../../lib/hal/src/hal_debug.o
 .debug_info    0x0000000000002989      0xa47 ../../../lib/hal/src/hal_intmux.o
 .debug_info    0x00000000000033d0      0xdf9 ../../../lib/hal/src/hal_nvic.o
 .debug_info    0x00000000000041c9      0x4be ../../../lib/hal/src/hal_timer.o
 .debug_info    0x0000000000004687     0x1a30 ../../../lib/hal/src/hal_uart.o
 .debug_info    0x00000000000060b7     0x2d57 ../../../lib/hal/src/cru/hal_cru.o
 .debug_info    0x0000000000008e0e     0x1bf2 ../../../lib/hal/src/cru/hal_cru_rk3506.o
 .debug_info    0x000000000000aa00     0x1c94 ../../../lib/hal/src/pinctrl/hal_pinctrl_rk3506.o
 .debug_info    0x000000000000c694     0x170e ../../../lib/bsp/RK3506/hal_bsp.o
 .debug_info    0x000000000000dda2      0x1a2 ../../../lib/CMSIS/Device/RK3506/Source/Templates/system_rk3506_mcu.o

.debug_abbrev   0x0000000000000000     0x22a4
 .debug_abbrev  0x0000000000000000      0x268 ../src/main.o
 .debug_abbrev  0x0000000000000268      0x3b7 ../../../lib/hal/src/hal_base.o
 .debug_abbrev  0x000000000000061f      0x2d9 ../../../lib/hal/src/hal_debug.o
 .debug_abbrev  0x00000000000008f8      0x234 ../../../lib/hal/src/hal_intmux.o
 .debug_abbrev  0x0000000000000b2c      0x2da ../../../lib/hal/src/hal_nvic.o
 .debug_abbrev  0x0000000000000e06      0x1f2 ../../../lib/hal/src/hal_timer.o
 .debug_abbrev  0x0000000000000ff8      0x413 ../../../lib/hal/src/hal_uart.o
 .debug_abbrev  0x000000000000140b      0x542 ../../../lib/hal/src/cru/hal_cru.o
 .debug_abbrev  0x000000000000194d      0x37a ../../../lib/hal/src/cru/hal_cru_rk3506.o
 .debug_abbrev  0x0000000000001cc7      0x2fb ../../../lib/hal/src/pinctrl/hal_pinctrl_rk3506.o
 .debug_abbrev  0x0000000000001fc2      0x204 ../../../lib/bsp/RK3506/hal_bsp.o
 .debug_abbrev  0x00000000000021c6       0xde ../../../lib/CMSIS/Device/RK3506/Source/Templates/system_rk3506_mcu.o

.debug_loc      0x0000000000000000     0x960a
 .debug_loc     0x0000000000000000      0x1ad ../src/main.o
 .debug_loc     0x00000000000001ad      0x4da ../../../lib/hal/src/hal_base.o
 .debug_loc     0x0000000000000687      0xb7a ../../../lib/hal/src/hal_debug.o
 .debug_loc     0x0000000000001201      0x334 ../../../lib/hal/src/hal_intmux.o
 .debug_loc     0x0000000000001535      0x557 ../../../lib/hal/src/hal_nvic.o
 .debug_loc     0x0000000000001a8c      0x3e5 ../../../lib/hal/src/hal_timer.o
 .debug_loc     0x0000000000001e71      0x63f ../../../lib/hal/src/hal_uart.o
 .debug_loc     0x00000000000024b0     0x432b ../../../lib/hal/src/cru/hal_cru.o
 .debug_loc     0x00000000000067db     0x1435 ../../../lib/hal/src/cru/hal_cru_rk3506.o
 .debug_loc     0x0000000000007c10     0x19fa ../../../lib/hal/src/pinctrl/hal_pinctrl_rk3506.o

.debug_aranges  0x0000000000000000      0x518
 .debug_aranges
                0x0000000000000000       0x30 ../src/main.o
 .debug_aranges
                0x0000000000000030       0x78 ../../../lib/hal/src/hal_base.o
 .debug_aranges
                0x00000000000000a8       0x30 ../../../lib/hal/src/hal_debug.o
 .debug_aranges
                0x00000000000000d8       0x70 ../../../lib/hal/src/hal_intmux.o
 .debug_aranges
                0x0000000000000148       0x80 ../../../lib/hal/src/hal_nvic.o
 .debug_aranges
                0x00000000000001c8       0x70 ../../../lib/hal/src/hal_timer.o
 .debug_aranges
                0x0000000000000238       0xb0 ../../../lib/hal/src/hal_uart.o
 .debug_aranges
                0x00000000000002e8      0x150 ../../../lib/hal/src/cru/hal_cru.o
 .debug_aranges
                0x0000000000000438       0x50 ../../../lib/hal/src/cru/hal_cru_rk3506.o
 .debug_aranges
                0x0000000000000488       0x40 ../../../lib/hal/src/pinctrl/hal_pinctrl_rk3506.o
 .debug_aranges
                0x00000000000004c8       0x28 ../../../lib/bsp/RK3506/hal_bsp.o
 .debug_aranges
                0x00000000000004f0       0x28 ../../../lib/CMSIS/Device/RK3506/Source/Templates/system_rk3506_mcu.o

.debug_ranges   0x0000000000000000      0xcc0
 .debug_ranges  0x0000000000000000       0x20 ../src/main.o
 .debug_ranges  0x0000000000000020      0x150 ../../../lib/hal/src/hal_base.o
 .debug_ranges  0x0000000000000170      0x110 ../../../lib/hal/src/hal_debug.o
 .debug_ranges  0x0000000000000280       0x60 ../../../lib/hal/src/hal_intmux.o
 .debug_ranges  0x00000000000002e0       0xe8 ../../../lib/hal/src/hal_nvic.o
 .debug_ranges  0x00000000000003c8       0x60 ../../../lib/hal/src/hal_timer.o
 .debug_ranges  0x0000000000000428      0x148 ../../../lib/hal/src/hal_uart.o
 .debug_ranges  0x0000000000000570      0x3f8 ../../../lib/hal/src/cru/hal_cru.o
 .debug_ranges  0x0000000000000968       0xb8 ../../../lib/hal/src/cru/hal_cru_rk3506.o
 .debug_ranges  0x0000000000000a20      0x270 ../../../lib/hal/src/pinctrl/hal_pinctrl_rk3506.o
 .debug_ranges  0x0000000000000c90       0x18 ../../../lib/bsp/RK3506/hal_bsp.o
 .debug_ranges  0x0000000000000ca8       0x18 ../../../lib/CMSIS/Device/RK3506/Source/Templates/system_rk3506_mcu.o

.debug_line     0x0000000000000000     0x61e5
 .debug_line    0x0000000000000000      0x3a0 ../src/main.o
 .debug_line    0x00000000000003a0      0x5f9 ../../../lib/hal/src/hal_base.o
 .debug_line    0x0000000000000999      0x8d6 ../../../lib/hal/src/hal_debug.o
 .debug_line    0x000000000000126f      0x4a0 ../../../lib/hal/src/hal_intmux.o
 .debug_line    0x000000000000170f      0x602 ../../../lib/hal/src/hal_nvic.o
 .debug_line    0x0000000000001d11      0x4de ../../../lib/hal/src/hal_timer.o
 .debug_line    0x00000000000021ef      0x84a ../../../lib/hal/src/hal_uart.o
 .debug_line    0x0000000000002a39     0x1843 ../../../lib/hal/src/cru/hal_cru.o
 .debug_line    0x000000000000427c      0xe06 ../../../lib/hal/src/cru/hal_cru_rk3506.o
 .debug_line    0x0000000000005082      0xc6e ../../../lib/hal/src/pinctrl/hal_pinctrl_rk3506.o
 .debug_line    0x0000000000005cf0      0x275 ../../../lib/bsp/RK3506/hal_bsp.o
 .debug_line    0x0000000000005f65      0x280 ../../../lib/CMSIS/Device/RK3506/Source/Templates/system_rk3506_mcu.o

.debug_str      0x0000000000000000     0x4ee9
 .debug_str     0x0000000000000000     0x2038 ../src/main.o
                                       0x20b6 (size before relaxing)
 .debug_str     0x0000000000002038      0x3c9 ../../../lib/hal/src/hal_base.o
                                        0x72d (size before relaxing)
 .debug_str     0x0000000000002401       0xca ../../../lib/hal/src/hal_debug.o
                                        0x2ea (size before relaxing)
 .debug_str     0x00000000000024cb      0x1ef ../../../lib/hal/src/hal_intmux.o
                                        0xf01 (size before relaxing)
 .debug_str     0x00000000000026ba      0x2e3 ../../../lib/hal/src/hal_nvic.o
                                        0xf48 (size before relaxing)
 .debug_str     0x000000000000299d      0x137 ../../../lib/hal/src/hal_timer.o
                                        0x3b1 (size before relaxing)
 .debug_str     0x0000000000002ad4      0x24a ../../../lib/hal/src/hal_uart.o
                                       0x1b86 (size before relaxing)
 .debug_str     0x0000000000002d1e      0x768 ../../../lib/hal/src/cru/hal_cru.o
                                        0xf4a (size before relaxing)
 .debug_str     0x0000000000003486      0x495 ../../../lib/hal/src/cru/hal_cru_rk3506.o
                                        0xf16 (size before relaxing)
 .debug_str     0x000000000000391b     0x11cc ../../../lib/hal/src/pinctrl/hal_pinctrl_rk3506.o
                                       0x1889 (size before relaxing)
 .debug_str     0x0000000000004ae7      0x3b1 ../../../lib/bsp/RK3506/hal_bsp.o
                                       0x1c38 (size before relaxing)
 .debug_str     0x0000000000004e98       0x51 ../../../lib/CMSIS/Device/RK3506/Source/Templates/system_rk3506_mcu.o
                                        0x3c7 (size before relaxing)

.comment        0x0000000000000000       0x4d
 .comment       0x0000000000000000       0x4d ../src/main.o
                                         0x4e (size before relaxing)
 .comment       0x000000000000004d       0x4e ../../../lib/hal/src/hal_base.o
 .comment       0x000000000000004d       0x4e ../../../lib/hal/src/hal_debug.o
 .comment       0x000000000000004d       0x4e ../../../lib/hal/src/hal_intmux.o
 .comment       0x000000000000004d       0x4e ../../../lib/hal/src/hal_nvic.o
 .comment       0x000000000000004d       0x4e ../../../lib/hal/src/hal_timer.o
 .comment       0x000000000000004d       0x4e ../../../lib/hal/src/hal_uart.o
 .comment       0x000000000000004d       0x4e ../../../lib/hal/src/cru/hal_cru.o
 .comment       0x000000000000004d       0x4e ../../../lib/hal/src/cru/hal_cru_rk3506.o
 .comment       0x000000000000004d       0x4e ../../../lib/hal/src/pinctrl/hal_pinctrl_rk3506.o
 .comment       0x000000000000004d       0x4e ../../../lib/bsp/RK3506/hal_bsp.o
 .comment       0x000000000000004d       0x4e ../../../lib/CMSIS/Device/RK3506/Source/Templates/system_rk3506_mcu.o

.ARM.attributes
                0x0000000000000000       0x2a
 .ARM.attributes
                0x0000000000000000       0x2c ../src/main.o
 .ARM.attributes
                0x000000000000002c       0x1b ../../../lib/CMSIS/Device/RK3506/Source/Templates/GCC/start_rk3506_mcu.o
 .ARM.attributes
                0x0000000000000047       0x2c ../../../lib/hal/src/hal_base.o
 .ARM.attributes
                0x0000000000000073       0x2c ../../../lib/hal/src/hal_debug.o
 .ARM.attributes
                0x000000000000009f       0x2c ../../../lib/hal/src/hal_intmux.o
 .ARM.attributes
                0x00000000000000cb       0x2c ../../../lib/hal/src/hal_nvic.o
 .ARM.attributes
                0x00000000000000f7       0x2c ../../../lib/hal/src/hal_timer.o
 .ARM.attributes
                0x0000000000000123       0x2c ../../../lib/hal/src/hal_uart.o
 .ARM.attributes
                0x000000000000014f       0x2c ../../../lib/hal/src/cru/hal_cru.o
 .ARM.attributes
                0x000000000000017b       0x2c ../../../lib/hal/src/cru/hal_cru_rk3506.o
 .ARM.attributes
                0x00000000000001a7       0x2c ../../../lib/hal/src/pinctrl/hal_pinctrl_rk3506.o
 .ARM.attributes
                0x00000000000001d3       0x2c ../../../lib/bsp/RK3506/hal_bsp.o
 .ARM.attributes
                0x00000000000001ff       0x2c ../../../lib/CMSIS/Device/RK3506/Source/Templates/system_rk3506_mcu.o
 .ARM.attributes
                0x000000000000022b       0x2c /home/rmer/Project/Linux/rk3506_linux6.1_sdk_v1.2.0/prebuilts/gcc/linux-x86/arm/gcc-arm-none-eabi-10-2020-q4-major-x86_64-linux/bin/../lib/gcc/arm-none-eabi/10.2.1/../../../../arm-none-eabi/lib/thumb/v6-m/nofp/libc.a(lib_a-memcpy-stub.o)
 .ARM.attributes
                0x0000000000000257       0x2c /home/rmer/Project/Linux/rk3506_linux6.1_sdk_v1.2.0/prebuilts/gcc/linux-x86/arm/gcc-arm-none-eabi-10-2020-q4-major-x86_64-linux/bin/../lib/gcc/arm-none-eabi/10.2.1/../../../../arm-none-eabi/lib/thumb/v6-m/nofp/libc.a(lib_a-impure.o)
 .ARM.attributes
                0x0000000000000283       0x2c /home/rmer/Project/Linux/rk3506_linux6.1_sdk_v1.2.0/prebuilts/gcc/linux-x86/arm/gcc-arm-none-eabi-10-2020-q4-major-x86_64-linux/bin/../lib/gcc/arm-none-eabi/10.2.1/../../../../arm-none-eabi/lib/thumb/v6-m/nofp/libc.a(lib_a-abort.o)
 .ARM.attributes
                0x00000000000002af       0x2c /home/rmer/Project/Linux/rk3506_linux6.1_sdk_v1.2.0/prebuilts/gcc/linux-x86/arm/gcc-arm-none-eabi-10-2020-q4-major-x86_64-linux/bin/../lib/gcc/arm-none-eabi/10.2.1/../../../../arm-none-eabi/lib/thumb/v6-m/nofp/libc.a(lib_a-signal.o)
 .ARM.attributes
                0x00000000000002db       0x1e /home/rmer/Project/Linux/rk3506_linux6.1_sdk_v1.2.0/prebuilts/gcc/linux-x86/arm/gcc-arm-none-eabi-10-2020-q4-major-x86_64-linux/bin/../lib/gcc/arm-none-eabi/10.2.1/thumb/v6-m/nofp/libgcc.a(_udivsi3.o)
 .ARM.attributes
                0x00000000000002f9       0x1e /home/rmer/Project/Linux/rk3506_linux6.1_sdk_v1.2.0/prebuilts/gcc/linux-x86/arm/gcc-arm-none-eabi-10-2020-q4-major-x86_64-linux/bin/../lib/gcc/arm-none-eabi/10.2.1/thumb/v6-m/nofp/libgcc.a(_divsi3.o)
 .ARM.attributes
                0x0000000000000317       0x1e /home/rmer/Project/Linux/rk3506_linux6.1_sdk_v1.2.0/prebuilts/gcc/linux-x86/arm/gcc-arm-none-eabi-10-2020-q4-major-x86_64-linux/bin/../lib/gcc/arm-none-eabi/10.2.1/thumb/v6-m/nofp/libgcc.a(_dvmd_tls.o)
 .ARM.attributes
                0x0000000000000335       0x1e /home/rmer/Project/Linux/rk3506_linux6.1_sdk_v1.2.0/prebuilts/gcc/linux-x86/arm/gcc-arm-none-eabi-10-2020-q4-major-x86_64-linux/bin/../lib/gcc/arm-none-eabi/10.2.1/thumb/v6-m/nofp/libgcc.a(_clzsi2.o)
 .ARM.attributes
                0x0000000000000353       0x1e /home/rmer/Project/Linux/rk3506_linux6.1_sdk_v1.2.0/prebuilts/gcc/linux-x86/arm/gcc-arm-none-eabi-10-2020-q4-major-x86_64-linux/bin/../lib/gcc/arm-none-eabi/10.2.1/thumb/v6-m/nofp/libgcc.a(_aeabi_ldivmod.o)
 .ARM.attributes
                0x0000000000000371       0x1e /home/rmer/Project/Linux/rk3506_linux6.1_sdk_v1.2.0/prebuilts/gcc/linux-x86/arm/gcc-arm-none-eabi-10-2020-q4-major-x86_64-linux/bin/../lib/gcc/arm-none-eabi/10.2.1/thumb/v6-m/nofp/libgcc.a(_aeabi_uldivmod.o)
 .ARM.attributes
                0x000000000000038f       0x2c /home/rmer/Project/Linux/rk3506_linux6.1_sdk_v1.2.0/prebuilts/gcc/linux-x86/arm/gcc-arm-none-eabi-10-2020-q4-major-x86_64-linux/bin/../lib/gcc/arm-none-eabi/10.2.1/thumb/v6-m/nofp/libgcc.a(_muldi3.o)
 .ARM.attributes
                0x00000000000003bb       0x2c /home/rmer/Project/Linux/rk3506_linux6.1_sdk_v1.2.0/prebuilts/gcc/linux-x86/arm/gcc-arm-none-eabi-10-2020-q4-major-x86_64-linux/bin/../lib/gcc/arm-none-eabi/10.2.1/thumb/v6-m/nofp/libgcc.a(_ffssi2.o)
 .ARM.attributes
                0x00000000000003e7       0x2c /home/rmer/Project/Linux/rk3506_linux6.1_sdk_v1.2.0/prebuilts/gcc/linux-x86/arm/gcc-arm-none-eabi-10-2020-q4-major-x86_64-linux/bin/../lib/gcc/arm-none-eabi/10.2.1/thumb/v6-m/nofp/libgcc.a(_udivmoddi4.o)
 .ARM.attributes
                0x0000000000000413       0x2c /home/rmer/Project/Linux/rk3506_linux6.1_sdk_v1.2.0/prebuilts/gcc/linux-x86/arm/gcc-arm-none-eabi-10-2020-q4-major-x86_64-linux/bin/../lib/gcc/arm-none-eabi/10.2.1/thumb/v6-m/nofp/libgcc.a(bpabi.o)
 .ARM.attributes
                0x000000000000043f       0x2c /home/rmer/Project/Linux/rk3506_linux6.1_sdk_v1.2.0/prebuilts/gcc/linux-x86/arm/gcc-arm-none-eabi-10-2020-q4-major-x86_64-linux/bin/../lib/gcc/arm-none-eabi/10.2.1/thumb/v6-m/nofp/libgcc.a(unwind-arm.o)
 .ARM.attributes
                0x000000000000046b       0x1e /home/rmer/Project/Linux/rk3506_linux6.1_sdk_v1.2.0/prebuilts/gcc/linux-x86/arm/gcc-arm-none-eabi-10-2020-q4-major-x86_64-linux/bin/../lib/gcc/arm-none-eabi/10.2.1/thumb/v6-m/nofp/libgcc.a(libunwind.o)
 .ARM.attributes
                0x0000000000000489       0x2c /home/rmer/Project/Linux/rk3506_linux6.1_sdk_v1.2.0/prebuilts/gcc/linux-x86/arm/gcc-arm-none-eabi-10-2020-q4-major-x86_64-linux/bin/../lib/gcc/arm-none-eabi/10.2.1/thumb/v6-m/nofp/libgcc.a(pr-support.o)
 .ARM.attributes
                0x00000000000004b5       0x1e /home/rmer/Project/Linux/rk3506_linux6.1_sdk_v1.2.0/prebuilts/gcc/linux-x86/arm/gcc-arm-none-eabi-10-2020-q4-major-x86_64-linux/bin/../lib/gcc/arm-none-eabi/10.2.1/thumb/v6-m/nofp/libgcc.a(_clzdi2.o)
 .ARM.attributes
                0x00000000000004d3       0x1e /home/rmer/Project/Linux/rk3506_linux6.1_sdk_v1.2.0/prebuilts/gcc/linux-x86/arm/gcc-arm-none-eabi-10-2020-q4-major-x86_64-linux/bin/../lib/gcc/arm-none-eabi/10.2.1/thumb/v6-m/nofp/libgcc.a(_ctzsi2.o)
 .ARM.attributes
                0x00000000000004f1       0x2c /home/rmer/Project/Linux/rk3506_linux6.1_sdk_v1.2.0/prebuilts/gcc/linux-x86/arm/gcc-arm-none-eabi-10-2020-q4-major-x86_64-linux/bin/../lib/gcc/arm-none-eabi/10.2.1/thumb/v6-m/nofp/libgcc.a(_divdi3.o)
 .ARM.attributes
                0x000000000000051d       0x2c /home/rmer/Project/Linux/rk3506_linux6.1_sdk_v1.2.0/prebuilts/gcc/linux-x86/arm/gcc-arm-none-eabi-10-2020-q4-major-x86_64-linux/bin/../lib/gcc/arm-none-eabi/10.2.1/../../../../arm-none-eabi/lib/thumb/v6-m/nofp/libnosys.a(_exit.o)

.debug_frame    0x0000000000000000     0x1308
 .debug_frame   0x0000000000000000       0x64 ../src/main.o
 .debug_frame   0x0000000000000064      0x124 ../../../lib/hal/src/hal_base.o
 .debug_frame   0x0000000000000188       0x84 ../../../lib/hal/src/hal_debug.o
 .debug_frame   0x000000000000020c      0x11c ../../../lib/hal/src/hal_intmux.o
 .debug_frame   0x0000000000000328       0xf4 ../../../lib/hal/src/hal_nvic.o
 .debug_frame   0x000000000000041c       0xd0 ../../../lib/hal/src/hal_timer.o
 .debug_frame   0x00000000000004ec      0x174 ../../../lib/hal/src/hal_uart.o
 .debug_frame   0x0000000000000660      0x424 ../../../lib/hal/src/cru/hal_cru.o
 .debug_frame   0x0000000000000a84       0xfc ../../../lib/hal/src/cru/hal_cru_rk3506.o
 .debug_frame   0x0000000000000b80       0xb4 ../../../lib/hal/src/pinctrl/hal_pinctrl_rk3506.o
 .debug_frame   0x0000000000000c34       0x30 ../../../lib/bsp/RK3506/hal_bsp.o
 .debug_frame   0x0000000000000c64       0x38 ../../../lib/CMSIS/Device/RK3506/Source/Templates/system_rk3506_mcu.o
 .debug_frame   0x0000000000000c9c       0x34 /home/rmer/Project/Linux/rk3506_linux6.1_sdk_v1.2.0/prebuilts/gcc/linux-x86/arm/gcc-arm-none-eabi-10-2020-q4-major-x86_64-linux/bin/../lib/gcc/arm-none-eabi/10.2.1/../../../../arm-none-eabi/lib/thumb/v6-m/nofp/libc.a(lib_a-memcpy-stub.o)
 .debug_frame   0x0000000000000cd0       0x28 /home/rmer/Project/Linux/rk3506_linux6.1_sdk_v1.2.0/prebuilts/gcc/linux-x86/arm/gcc-arm-none-eabi-10-2020-q4-major-x86_64-linux/bin/../lib/gcc/arm-none-eabi/10.2.1/../../../../arm-none-eabi/lib/thumb/v6-m/nofp/libc.a(lib_a-abort.o)
 .debug_frame   0x0000000000000cf8       0xfc /home/rmer/Project/Linux/rk3506_linux6.1_sdk_v1.2.0/prebuilts/gcc/linux-x86/arm/gcc-arm-none-eabi-10-2020-q4-major-x86_64-linux/bin/../lib/gcc/arm-none-eabi/10.2.1/../../../../arm-none-eabi/lib/thumb/v6-m/nofp/libc.a(lib_a-signal.o)
 .debug_frame   0x0000000000000df4       0x20 /home/rmer/Project/Linux/rk3506_linux6.1_sdk_v1.2.0/prebuilts/gcc/linux-x86/arm/gcc-arm-none-eabi-10-2020-q4-major-x86_64-linux/bin/../lib/gcc/arm-none-eabi/10.2.1/thumb/v6-m/nofp/libgcc.a(_udivsi3.o)
 .debug_frame   0x0000000000000e14       0x20 /home/rmer/Project/Linux/rk3506_linux6.1_sdk_v1.2.0/prebuilts/gcc/linux-x86/arm/gcc-arm-none-eabi-10-2020-q4-major-x86_64-linux/bin/../lib/gcc/arm-none-eabi/10.2.1/thumb/v6-m/nofp/libgcc.a(_divsi3.o)
 .debug_frame   0x0000000000000e34       0x34 /home/rmer/Project/Linux/rk3506_linux6.1_sdk_v1.2.0/prebuilts/gcc/linux-x86/arm/gcc-arm-none-eabi-10-2020-q4-major-x86_64-linux/bin/../lib/gcc/arm-none-eabi/10.2.1/thumb/v6-m/nofp/libgcc.a(_muldi3.o)
 .debug_frame   0x0000000000000e68       0x28 /home/rmer/Project/Linux/rk3506_linux6.1_sdk_v1.2.0/prebuilts/gcc/linux-x86/arm/gcc-arm-none-eabi-10-2020-q4-major-x86_64-linux/bin/../lib/gcc/arm-none-eabi/10.2.1/thumb/v6-m/nofp/libgcc.a(_ffssi2.o)
 .debug_frame   0x0000000000000e90       0x3c /home/rmer/Project/Linux/rk3506_linux6.1_sdk_v1.2.0/prebuilts/gcc/linux-x86/arm/gcc-arm-none-eabi-10-2020-q4-major-x86_64-linux/bin/../lib/gcc/arm-none-eabi/10.2.1/thumb/v6-m/nofp/libgcc.a(_udivmoddi4.o)
 .debug_frame   0x0000000000000ecc       0x38 /home/rmer/Project/Linux/rk3506_linux6.1_sdk_v1.2.0/prebuilts/gcc/linux-x86/arm/gcc-arm-none-eabi-10-2020-q4-major-x86_64-linux/bin/../lib/gcc/arm-none-eabi/10.2.1/thumb/v6-m/nofp/libgcc.a(bpabi.o)
 .debug_frame   0x0000000000000f04      0x2b4 /home/rmer/Project/Linux/rk3506_linux6.1_sdk_v1.2.0/prebuilts/gcc/linux-x86/arm/gcc-arm-none-eabi-10-2020-q4-major-x86_64-linux/bin/../lib/gcc/arm-none-eabi/10.2.1/thumb/v6-m/nofp/libgcc.a(unwind-arm.o)
 .debug_frame   0x00000000000011b8       0xf4 /home/rmer/Project/Linux/rk3506_linux6.1_sdk_v1.2.0/prebuilts/gcc/linux-x86/arm/gcc-arm-none-eabi-10-2020-q4-major-x86_64-linux/bin/../lib/gcc/arm-none-eabi/10.2.1/thumb/v6-m/nofp/libgcc.a(pr-support.o)
 .debug_frame   0x00000000000012ac       0x3c /home/rmer/Project/Linux/rk3506_linux6.1_sdk_v1.2.0/prebuilts/gcc/linux-x86/arm/gcc-arm-none-eabi-10-2020-q4-major-x86_64-linux/bin/../lib/gcc/arm-none-eabi/10.2.1/thumb/v6-m/nofp/libgcc.a(_divdi3.o)
 .debug_frame   0x00000000000012e8       0x20 /home/rmer/Project/Linux/rk3506_linux6.1_sdk_v1.2.0/prebuilts/gcc/linux-x86/arm/gcc-arm-none-eabi-10-2020-q4-major-x86_64-linux/bin/../lib/gcc/arm-none-eabi/10.2.1/../../../../arm-none-eabi/lib/thumb/v6-m/nofp/libnosys.a(_exit.o)

Cross Reference Table

Symbol                                            File
BSP_Init                                          ../../../lib/bsp/RK3506/hal_bsp.o
                                                  ../src/main.o
BSP_SetLoaderFlag                                 ../../../lib/bsp/RK3506/hal_bsp.o
BusFault_Handler                                  ../../../lib/CMSIS/Device/RK3506/Source/Templates/GCC/start_rk3506_mcu.o
DebugMon_Handler                                  ../../../lib/CMSIS/Device/RK3506/Source/Templates/GCC/start_rk3506_mcu.o
Default_Handler                                   ../../../lib/CMSIS/Device/RK3506/Source/Templates/GCC/start_rk3506_mcu.o
HAL_AssertFailed                                  ../../../lib/hal/src/hal_debug.o
HAL_CPUDelayUs                                    ../../../lib/hal/src/hal_base.o
                                                  ../../../lib/hal/src/cru/hal_cru.o
HAL_CPU_EnterIdle                                 ../../../lib/hal/src/hal_base.o
HAL_CRU_ClkDisable                                ../../../lib/hal/src/cru/hal_cru.o
HAL_CRU_ClkDisableUnused                          ../../../lib/hal/src/cru/hal_cru.o
HAL_CRU_ClkEnable                                 ../../../lib/hal/src/cru/hal_cru.o
                                                  ../src/main.o
HAL_CRU_ClkGetDiv                                 ../../../lib/hal/src/cru/hal_cru.o
                                                  ../../../lib/hal/src/cru/hal_cru_rk3506.o
HAL_CRU_ClkGetFracDiv                             ../../../lib/hal/src/cru/hal_cru.o
                                                  ../../../lib/hal/src/cru/hal_cru_rk3506.o
HAL_CRU_ClkGetFreq                                ../../../lib/hal/src/cru/hal_cru_rk3506.o
                                                  ../../../lib/hal/src/hal_uart.o
HAL_CRU_ClkGetMux                                 ../../../lib/hal/src/cru/hal_cru.o
HAL_CRU_ClkIsEnabled                              ../../../lib/hal/src/cru/hal_cru.o
HAL_CRU_ClkIsReset                                ../../../lib/hal/src/cru/hal_cru.o
HAL_CRU_ClkNp5BestDiv                             ../../../lib/hal/src/cru/hal_cru.o
HAL_CRU_ClkResetAssert                            ../../../lib/hal/src/cru/hal_cru.o
HAL_CRU_ClkResetDeassert                          ../../../lib/hal/src/cru/hal_cru.o
HAL_CRU_ClkResetSyncAssert                        ../../../lib/hal/src/cru/hal_cru.o
HAL_CRU_ClkResetSyncDeassert                      ../../../lib/hal/src/cru/hal_cru.o
HAL_CRU_ClkSetDiv                                 ../../../lib/hal/src/cru/hal_cru.o
                                                  ../../../lib/hal/src/cru/hal_cru_rk3506.o
HAL_CRU_ClkSetFracDiv                             ../../../lib/hal/src/cru/hal_cru.o
                                                  ../../../lib/hal/src/cru/hal_cru_rk3506.o
HAL_CRU_ClkSetFreq                                ../../../lib/hal/src/cru/hal_cru_rk3506.o
                                                  ../../../lib/hal/src/hal_uart.o
HAL_CRU_ClkSetMux                                 ../../../lib/hal/src/cru/hal_cru.o
                                                  ../../../lib/hal/src/cru/hal_cru_rk3506.o
HAL_CRU_FracdivGetConfig                          ../../../lib/hal/src/cru/hal_cru.o
                                                  ../../../lib/hal/src/cru/hal_cru_rk3506.o
HAL_CRU_FracdivGetConfigV2                        ../../../lib/hal/src/cru/hal_cru.o
                                                  ../../../lib/hal/src/cru/hal_cru_rk3506.o
HAL_CRU_FreqGetMux2                               ../../../lib/hal/src/cru/hal_cru.o
HAL_CRU_FreqGetMux3                               ../../../lib/hal/src/cru/hal_cru.o
HAL_CRU_FreqGetMux4                               ../../../lib/hal/src/cru/hal_cru.o
HAL_CRU_FreqGetMuxArray                           ../../../lib/hal/src/cru/hal_cru.o
HAL_CRU_GetPllFreq                                ../../../lib/hal/src/cru/hal_cru.o
                                                  ../../../lib/hal/src/cru/hal_cru_rk3506.o
HAL_CRU_MuxGetFreq2                               ../../../lib/hal/src/cru/hal_cru.o
HAL_CRU_MuxGetFreq3                               ../../../lib/hal/src/cru/hal_cru.o
                                                  ../../../lib/hal/src/cru/hal_cru_rk3506.o
HAL_CRU_MuxGetFreq4                               ../../../lib/hal/src/cru/hal_cru.o
                                                  ../../../lib/hal/src/cru/hal_cru_rk3506.o
HAL_CRU_MuxGetFreqArray                           ../../../lib/hal/src/cru/hal_cru.o
                                                  ../../../lib/hal/src/cru/hal_cru_rk3506.o
HAL_CRU_PvtConfig                                 ../../../lib/hal/src/cru/hal_cru.o
HAL_CRU_RoundFreqGetMux2                          ../../../lib/hal/src/cru/hal_cru.o
HAL_CRU_RoundFreqGetMux3                          ../../../lib/hal/src/cru/hal_cru.o
                                                  ../../../lib/hal/src/cru/hal_cru_rk3506.o
HAL_CRU_RoundFreqGetMux4                          ../../../lib/hal/src/cru/hal_cru.o
                                                  ../../../lib/hal/src/cru/hal_cru_rk3506.o
HAL_CRU_RoundFreqGetMuxArray                      ../../../lib/hal/src/cru/hal_cru.o
                                                  ../../../lib/hal/src/cru/hal_cru_rk3506.o
HAL_CRU_SetGlbSrst                                ../../../lib/hal/src/cru/hal_cru.o
HAL_CRU_SetPllFreq                                ../../../lib/hal/src/cru/hal_cru.o
HAL_CRU_SetPllPowerDown                           ../../../lib/hal/src/cru/hal_cru.o
HAL_CRU_SetPllPowerUp                             ../../../lib/hal/src/cru/hal_cru.o
HAL_CRU_VopDclkDisable                            ../../../lib/hal/src/cru/hal_cru.o
HAL_CRU_VopDclkEnable                             ../../../lib/hal/src/cru/hal_cru.o
HAL_CRU_WdtGlbRstEnable                           ../../../lib/hal/src/cru/hal_cru_rk3506.o
HAL_CpuAddrToDmaAddr                              ../../../lib/hal/src/hal_cache.o
HAL_DBG_HEX                                       ../../../lib/hal/src/hal_debug.o
HAL_DBG_Printf                                    ../../../lib/hal/src/hal_debug.o
                                                  ../../../test/hal/test_timer.o
                                                  ../../../lib/hal/src/pinctrl/hal_pinctrl_rk3506.o
                                                  ../../../lib/hal/src/cru/hal_cru.o
                                                  ../../../lib/hal/src/hal_gpio.o
                                                  ../src/test_demo.o
                                                  ../src/main.o
                                                  ../../../middleware/rpmsg-lite/lib/rpmsg_lite/porting/platform/RK3506/rpmsg_platform.o
HAL_DCACHE_CleanByRange                           ../../../lib/hal/src/hal_cache.o
HAL_DCACHE_CleanInvalidate                        ../../../lib/hal/src/hal_cache.o
HAL_DCACHE_CleanInvalidateByRange                 ../../../lib/hal/src/hal_cache.o
HAL_DCACHE_ClearInt                               ../../../lib/hal/src/hal_cache.o
HAL_DCACHE_Disable                                ../../../lib/hal/src/hal_cache.o
HAL_DCACHE_DisableInt                             ../../../lib/hal/src/hal_cache.o
HAL_DCACHE_DisablePMU                             ../../../lib/hal/src/hal_cache.o
HAL_DCACHE_Enable                                 ../../../lib/hal/src/hal_cache.o
HAL_DCACHE_EnableInt                              ../../../lib/hal/src/hal_cache.o
HAL_DCACHE_EnablePMU                              ../../../lib/hal/src/hal_cache.o
HAL_DCACHE_GetErrAddr                             ../../../lib/hal/src/hal_cache.o
HAL_DCACHE_GetInt                                 ../../../lib/hal/src/hal_cache.o
HAL_DCACHE_GetPMU                                 ../../../lib/hal/src/hal_cache.o
HAL_DCACHE_Invalidate                             ../../../lib/hal/src/hal_cache.o
HAL_DCACHE_InvalidateByRange                      ../../../lib/hal/src/hal_cache.o
HAL_DeInit                                        ../../../lib/hal/src/hal_base.o
HAL_DelayMs                                       ../../../lib/hal/src/hal_base.o
                                                  ../../../test/hal/test_timer.o
                                                  ../../../lib/hal/src/hal_uart.o
                                                  ../../../lib/hal/src/hal_tsadc.o
                                                  ../src/test_demo.o
                                                  ../src/main.o
                                                  ../../../middleware/rpmsg-lite/lib/rpmsg_lite/porting/platform/RK3506/rpmsg_platform.o
HAL_DelayUs                                       ../../../lib/hal/src/hal_base.o
HAL_DivU64Rem                                     ../../../lib/hal/src/hal_base_ex.o
                                                  ../../../test/hal/test_timer.o
                                                  ../../../lib/hal/src/cru/hal_cru.o
                                                  ../../../lib/hal/src/hal_base.o
HAL_GPIO_DisableIRQ                               ../../../lib/hal/src/hal_gpio.o
HAL_GPIO_DisableVirtualModel                      ../../../lib/hal/src/hal_gpio.o
HAL_GPIO_EnableIRQ                                ../../../lib/hal/src/hal_gpio.o
HAL_GPIO_EnableVirtualModel                       ../../../lib/hal/src/hal_gpio.o
HAL_GPIO_GetBankLevel                             ../../../lib/hal/src/hal_gpio.o
HAL_GPIO_GetPinData                               ../../../lib/hal/src/hal_gpio.o
HAL_GPIO_GetPinDirection                          ../../../lib/hal/src/hal_gpio.o
HAL_GPIO_GetPinLevel                              ../../../lib/hal/src/hal_gpio.o
HAL_GPIO_IRQDispatch                              ../../../lib/hal/src/hal_irq_handler.o
                                                  ../../../lib/hal/src/hal_gpio.o
HAL_GPIO_IRQHandler                               ../../../lib/hal/src/hal_gpio.o
HAL_GPIO_SetIntType                               ../../../lib/hal/src/hal_gpio.o
HAL_GPIO_SetPinDirection                          ../../../lib/hal/src/hal_gpio.o
HAL_GPIO_SetPinLevel                              ../../../lib/hal/src/hal_gpio.o
HAL_GPIO_SetPinsDirection                         ../../../lib/hal/src/hal_gpio.o
HAL_GPIO_SetPinsLevel                             ../../../lib/hal/src/hal_gpio.o
HAL_GPIO_SetVirtualModel                          ../../../lib/hal/src/hal_gpio.o
HAL_GetSysTimerCount                              ../../../lib/hal/src/hal_base.o
                                                  ../../../middleware/rpmsg-lite/lib/test/rpmsg_perf.o
HAL_GetTick                                       ../../../lib/hal/src/hal_base.o
                                                  ../../../middleware/benchmark/coremark/barebones/core_portme.o
HAL_GetTickFreq                                   ../../../lib/hal/src/hal_base.o
                                                  ../../../lib/hal/src/hal_systick.o
HAL_ICACHE_ClearInt                               ../../../lib/hal/src/hal_cache.o
HAL_ICACHE_Disable                                ../../../lib/hal/src/hal_cache.o
HAL_ICACHE_DisableInt                             ../../../lib/hal/src/hal_cache.o
HAL_ICACHE_DisablePMU                             ../../../lib/hal/src/hal_cache.o
HAL_ICACHE_Enable                                 ../../../lib/hal/src/hal_cache.o
HAL_ICACHE_EnableInt                              ../../../lib/hal/src/hal_cache.o
HAL_ICACHE_EnablePMU                              ../../../lib/hal/src/hal_cache.o
HAL_ICACHE_GetErrAddr                             ../../../lib/hal/src/hal_cache.o
HAL_ICACHE_GetInt                                 ../../../lib/hal/src/hal_cache.o
HAL_ICACHE_GetPMU                                 ../../../lib/hal/src/hal_cache.o
HAL_ICACHE_Invalidate                             ../../../lib/hal/src/hal_cache.o
HAL_ICACHE_InvalidateByRange                      ../../../lib/hal/src/hal_cache.o
HAL_INTMUX_ClearPendingIRQ                        ../../../lib/hal/src/hal_intmux.o
HAL_INTMUX_DirectDispatch                         ../../../lib/hal/src/hal_intmux.o
HAL_INTMUX_DisableIRQ                             ../../../lib/hal/src/hal_intmux.o
                                                  ../../../middleware/rpmsg-lite/lib/rpmsg_lite/porting/platform/RK3506/rpmsg_platform.o
HAL_INTMUX_EnableIRQ                              ../../../lib/hal/src/hal_intmux.o
                                                  ../../../middleware/rpmsg-lite/lib/rpmsg_lite/porting/platform/RK3506/rpmsg_platform.o
HAL_INTMUX_Init                                   ../../../lib/hal/src/hal_intmux.o
                                                  ../../../lib/CMSIS/Device/RK3506/Source/Templates/system_rk3506_mcu.o
                                                  ../src/main.o
HAL_INTMUX_SetIRQHandler                          ../../../lib/hal/src/hal_intmux.o
                                                  ../../../middleware/rpmsg-lite/lib/rpmsg_lite/porting/platform/RK3506/rpmsg_platform.o
HAL_INTMUX_SetPendingIRQ                          ../../../lib/hal/src/hal_intmux.o
HAL_IRQ_HANDLER_GetGpioIrqGroupOps                ../../../lib/hal/src/hal_irq_handler.o
HAL_IRQ_HANDLER_IRQHandler                        ../../../lib/hal/src/hal_irq_handler.o
HAL_IRQ_HANDLER_SetGpioIRQHandler                 ../../../lib/hal/src/hal_irq_handler.o
HAL_IRQ_HANDLER_SetIRQHandler                     ../../../lib/hal/src/hal_irq_handler.o
HAL_IncTick                                       ../../../lib/hal/src/hal_base.o
                                                  ../../../lib/hal/src/hal_systick.o
HAL_Init                                          ../../../lib/hal/src/hal_base.o
                                                  ../src/main.o
HAL_MBOX_DeInit                                   ../../../lib/hal/src/hal_mbox.o
HAL_MBOX_Init                                     ../../../lib/hal/src/hal_mbox.o
                                                  ../../../middleware/rpmsg-lite/lib/rpmsg_lite/porting/platform/RK3506/rpmsg_platform.o
HAL_MBOX_IrqHandler                               ../../../lib/hal/src/hal_mbox.o
                                                  ../../../middleware/rpmsg-lite/lib/rpmsg_lite/porting/platform/RK3506/rpmsg_platform.o
HAL_MBOX_RecvMsg                                  ../../../lib/hal/src/hal_mbox.o
HAL_MBOX_RegisterClient                           ../../../lib/hal/src/hal_mbox.o
                                                  ../../../middleware/rpmsg-lite/lib/rpmsg_lite/porting/platform/RK3506/rpmsg_platform.o
HAL_MBOX_Resume                                   ../../../lib/hal/src/hal_mbox.o
HAL_MBOX_SendMsg                                  ../../../lib/hal/src/hal_mbox.o
                                                  ../../../middleware/rpmsg-lite/lib/rpmsg_lite/porting/platform/RK3506/rpmsg_platform.o
HAL_MBOX_SendMsg2                                 ../../../lib/hal/src/hal_mbox.o
HAL_MBOX_Suspend                                  ../../../lib/hal/src/hal_mbox.o
HAL_MBOX_UnregisterClient                         ../../../lib/hal/src/hal_mbox.o
HAL_NVIC_ClearPendingIRQ                          ../../../lib/hal/src/hal_nvic.o
HAL_NVIC_ConfigExtIRQ                             ../../../lib/hal/src/hal_nvic.o
                                                  ../../../test/hal/test_timer.o
HAL_NVIC_DisableIRQ                               ../../../lib/hal/src/hal_nvic.o
HAL_NVIC_EnableIRQ                                ../../../lib/hal/src/hal_nvic.o
                                                  ../../../lib/hal/src/hal_intmux.o
HAL_NVIC_GetIRQHandler                            ../../../lib/hal/src/hal_nvic.o
HAL_NVIC_GetPriority                              ../../../lib/hal/src/hal_nvic.o
HAL_NVIC_GetPriorityGrouping                      ../../../lib/hal/src/hal_nvic.o
HAL_NVIC_Init                                     ../../../lib/hal/src/hal_nvic.o
                                                  ../../../lib/hal/src/hal_base.o
HAL_NVIC_IsPendingIRQ                             ../../../lib/hal/src/hal_nvic.o
HAL_NVIC_SetIRQHandler                            ../../../lib/hal/src/hal_nvic.o
                                                  ../../../lib/hal/src/hal_intmux.o
HAL_NVIC_SetPendingIRQ                            ../../../lib/hal/src/hal_nvic.o
HAL_NVIC_SetPriority                              ../../../lib/hal/src/hal_nvic.o
                                                  ../../../lib/hal/src/hal_systick.o
HAL_NVIC_SetPriorityGrouping                      ../../../lib/hal/src/hal_nvic.o
                                                  ../../../lib/hal/src/hal_base.o
HAL_PINCTRL_DeInit                                ../../../lib/hal/src/pinctrl/hal_pinctrl_rk3506.o
HAL_PINCTRL_Init                                  ../../../lib/hal/src/pinctrl/hal_pinctrl_rk3506.o
                                                  ../../../lib/hal/src/hal_base.o
HAL_PINCTRL_SetIOMUX                              ../../../lib/hal/src/pinctrl/hal_pinctrl_rk3506.o
                                                  ../src/main.o
HAL_PINCTRL_SetParam                              ../../../lib/hal/src/pinctrl/hal_pinctrl_rk3506.o
HAL_PINCTRL_SetRMIO                               ../../../lib/hal/src/pinctrl/hal_pinctrl_rk3506.o
HAL_SYSTICK_CLKSourceConfig                       ../../../lib/hal/src/hal_systick.o
                                                  ../../../lib/hal/src/hal_base.o
HAL_SYSTICK_Config                                ../../../lib/hal/src/hal_systick.o
                                                  ../../../lib/hal/src/hal_base.o
HAL_SYSTICK_Disable                               ../../../lib/hal/src/hal_systick.o
HAL_SYSTICK_Enable                                ../../../lib/hal/src/hal_systick.o
HAL_SYSTICK_IRQHandler                            ../../../lib/hal/src/hal_systick.o
HAL_SYSTICK_Init                                  ../../../lib/hal/src/hal_systick.o
HAL_SYSTICK_IsExtRefClockEnabled                  ../../../lib/hal/src/hal_systick.o
HAL_SetTickFreq                                   ../../../lib/hal/src/hal_base.o
HAL_SystemCoreClockUpdate                         ../../../lib/hal/src/hal_base.o
HAL_TIMER0_Handler                                ../../../lib/hal/src/hal_timer.o
HAL_TIMER1_Handler                                ../../../lib/hal/src/hal_timer.o
HAL_TIMER_ClrInt                                  ../../../lib/hal/src/hal_timer.o
                                                  ../../../test/hal/test_timer.o
HAL_TIMER_DeInit                                  ../../../lib/hal/src/hal_timer.o
                                                  ../../../test/hal/test_timer.o
HAL_TIMER_GetCount                                ../../../lib/hal/src/hal_timer.o
                                                  ../../../test/hal/test_timer.o
                                                  ../../../lib/hal/src/hal_base.o
HAL_TIMER_Init                                    ../../../lib/hal/src/hal_timer.o
                                                  ../../../test/hal/test_timer.o
HAL_TIMER_SetCount                                ../../../lib/hal/src/hal_timer.o
                                                  ../../../test/hal/test_timer.o
HAL_TIMER_Start                                   ../../../lib/hal/src/hal_timer.o
                                                  ../../../test/hal/test_timer.o
HAL_TIMER_Start_IT                                ../../../lib/hal/src/hal_timer.o
                                                  ../../../test/hal/test_timer.o
HAL_TIMER_Stop                                    ../../../lib/hal/src/hal_timer.o
                                                  ../../../test/hal/test_timer.o
HAL_TIMER_Stop_IT                                 ../../../lib/hal/src/hal_timer.o
                                                  ../../../test/hal/test_timer.o
HAL_TIMER_SysTimerInit                            ../../../lib/hal/src/hal_timer.o
                                                  ../../../lib/hal/src/hal_base.o
HAL_TSADC_CodeToTemp                              ../../../lib/hal/src/hal_tsadc.o
HAL_TSADC_Disable_AUTO                            ../../../lib/hal/src/hal_tsadc.o
HAL_TSADC_Enable_AUTO                             ../../../lib/hal/src/hal_tsadc.o
HAL_TSADC_GetTemperature_AUTO                     ../../../lib/hal/src/hal_tsadc.o
HAL_TSADC_IsEnabled_AUTO                          ../../../lib/hal/src/hal_tsadc.o
HAL_UART_DeInit                                   ../../../lib/hal/src/hal_uart.o
HAL_UART_DisableAutoFlowControl                   ../../../lib/hal/src/hal_uart.o
HAL_UART_DisableIrq                               ../../../lib/hal/src/hal_uart.o
HAL_UART_DisableLoopback                          ../../../lib/hal/src/hal_uart.o
HAL_UART_EnableAutoFlowControl                    ../../../lib/hal/src/hal_uart.o
HAL_UART_EnableIrq                                ../../../lib/hal/src/hal_uart.o
HAL_UART_EnableLoopback                           ../../../lib/hal/src/hal_uart.o
HAL_UART_GetIrqID                                 ../../../lib/hal/src/hal_uart.o
                                                  ../../../middleware/simple_console/simple_console.o
HAL_UART_GetLsr                                   ../../../lib/hal/src/hal_uart.o
HAL_UART_GetMsr                                   ../../../lib/hal/src/hal_uart.o
HAL_UART_GetUsr                                   ../../../lib/hal/src/hal_uart.o
                                                  ../../../middleware/simple_console/simple_console.o
HAL_UART_HandleIrq                                ../../../lib/hal/src/hal_uart.o
HAL_UART_Init                                     ../../../lib/hal/src/hal_uart.o
                                                  ../src/main.o
HAL_UART_Reset                                    ../../../lib/hal/src/hal_uart.o
HAL_UART_Resume                                   ../../../lib/hal/src/hal_uart.o
HAL_UART_SerialIn                                 ../../../lib/hal/src/hal_uart.o
                                                  ../../../middleware/simple_console/simple_console.o
HAL_UART_SerialOut                                ../../../lib/hal/src/hal_uart.o
                                                  ../../../middleware/simple_console/simple_console.o
HAL_UART_SerialOutChar                            ../../../lib/hal/src/hal_uart.o
                                                  ../src/main.o
                                                  ../../../middleware/simple_console/simple_console.o
HAL_UART_Suspend                                  ../../../lib/hal/src/hal_uart.o
HardFault_Handler                                 ../../../lib/CMSIS/Device/RK3506/Source/Templates/GCC/start_rk3506_mcu.o
MemManage_Handler                                 ../../../lib/CMSIS/Device/RK3506/Source/Templates/GCC/start_rk3506_mcu.o
NMI_Handler                                       ../../../lib/CMSIS/Device/RK3506/Source/Templates/GCC/start_rk3506_mcu.o
PendSV_Handler                                    ../../../lib/CMSIS/Device/RK3506/Source/Templates/GCC/start_rk3506_mcu.o
Reset_Handler                                     ../../../lib/CMSIS/Device/RK3506/Source/Templates/GCC/start_rk3506_mcu.o
SVC_Handler                                       ../../../lib/CMSIS/Device/RK3506/Source/Templates/GCC/start_rk3506_mcu.o
SysTick_Handler                                   ../../../lib/CMSIS/Device/RK3506/Source/Templates/GCC/start_rk3506_mcu.o
SystemCoreClock                                   ../../../lib/CMSIS/Device/RK3506/Source/Templates/system_rk3506_mcu.o
                                                  ../../../lib/hal/src/hal_systick.o
                                                  ../../../lib/hal/src/hal_base.o
SystemCoreClockUpdate                             ../../../lib/CMSIS/Device/RK3506/Source/Templates/system_rk3506_mcu.o
SystemInit                                        ../../../lib/CMSIS/Device/RK3506/Source/Templates/system_rk3506_mcu.o
                                                  ../../../lib/CMSIS/Device/RK3506/Source/Templates/GCC/start_rk3506_mcu.o
TEST_HAL_TIMER_GROUP_RUNNER                       ../../../test/hal/test_timer.o
                                                  ../../../test/unity_runner.o
TEST_HAL_TIMER_SETUP                              ../../../test/hal/test_timer.o
TEST_HAL_TIMER_TEAR_DOWN                          ../../../test/hal/test_timer.o
TEST_HAL_TIMER_TimerInit_                         ../../../test/hal/test_timer.o
TEST_HAL_TIMER_TimerInit_run                      ../../../test/hal/test_timer.o
TEST_HAL_TIMER_TimerSetCount_                     ../../../test/hal/test_timer.o
TEST_HAL_TIMER_TimerSetCount_run                  ../../../test/hal/test_timer.o
TEST_HAL_TIMER_TimerStartStop_                    ../../../test/hal/test_timer.o
TEST_HAL_TIMER_TimerStartStop_run                 ../../../test/hal/test_timer.o
Unity                                             ../../../test/unity/src/unity.o
                                                  ../../../test/unity/extras/fixture/src/unity_fixture.o
UnityAssertBits                                   ../../../test/unity/src/unity.o
UnityAssertEqualFloatArray                        ../../../test/unity/src/unity.o
UnityAssertEqualIntArray                          ../../../test/unity/src/unity.o
UnityAssertEqualMemory                            ../../../test/unity/src/unity.o
UnityAssertEqualNumber                            ../../../test/unity/src/unity.o
UnityAssertEqualString                            ../../../test/unity/src/unity.o
UnityAssertEqualStringArray                       ../../../test/unity/src/unity.o
UnityAssertEqualStringLen                         ../../../test/unity/src/unity.o
UnityAssertFloatSpecial                           ../../../test/unity/src/unity.o
UnityAssertFloatsWithin                           ../../../test/unity/src/unity.o
UnityAssertGreaterOrLessOrEqualNumber             ../../../test/unity/src/unity.o
UnityAssertNumbersWithin                          ../../../test/unity/src/unity.o
UnityBegin                                        ../../../test/unity/src/unity.o
                                                  ../../../test/unity/extras/fixture/src/unity_fixture.o
UnityConcludeFixtureTest                          ../../../test/unity/extras/fixture/src/unity_fixture.o
UnityConcludeTest                                 ../../../test/unity/src/unity.o
UnityDefaultTestRun                               ../../../test/unity/src/unity.o
UnityEnd                                          ../../../test/unity/src/unity.o
                                                  ../../../test/unity/extras/fixture/src/unity_fixture.o
UnityFail                                         ../../../test/unity/src/unity.o
                                                  ../../../test/hal/test_timer.o
                                                  ../../../test/unity/extras/fixture/src/unity_fixture.o
UnityFixture                                      ../../../test/unity/extras/fixture/src/unity_fixture.o
UnityFloatToPtr                                   ../../../test/unity/src/unity.o
UnityGetCommandLineOptions                        ../../../test/unity/extras/fixture/src/unity_fixture.o
UnityIgnore                                       ../../../test/unity/src/unity.o
UnityIgnoreTest                                   ../../../test/unity/extras/fixture/src/unity_fixture.o
UnityMain                                         ../../../test/unity/extras/fixture/src/unity_fixture.o
                                                  ../../../test/unity_runner.o
UnityMalloc_EndTest                               ../../../test/unity/extras/fixture/src/unity_fixture.o
UnityMalloc_MakeMallocFailAfterCount              ../../../test/unity/extras/fixture/src/unity_fixture.o
UnityMalloc_StartTest                             ../../../test/unity/extras/fixture/src/unity_fixture.o
UnityNumToPtr                                     ../../../test/unity/src/unity.o
UnityPointer_Init                                 ../../../test/unity/extras/fixture/src/unity_fixture.o
UnityPointer_Set                                  ../../../test/unity/extras/fixture/src/unity_fixture.o
UnityPointer_UndoAllSets                          ../../../test/unity/extras/fixture/src/unity_fixture.o
UnityPrint                                        ../../../test/unity/src/unity.o
                                                  ../../../test/unity/extras/fixture/src/unity_fixture.o
UnityPrintFloat                                   ../../../test/unity/src/unity.o
UnityPrintLen                                     ../../../test/unity/src/unity.o
UnityPrintMask                                    ../../../test/unity/src/unity.o
UnityPrintNumber                                  ../../../test/unity/src/unity.o
UnityPrintNumberByStyle                           ../../../test/unity/src/unity.o
UnityPrintNumberHex                               ../../../test/unity/src/unity.o
UnityPrintNumberUnsigned                          ../../../test/unity/src/unity.o
                                                  ../../../test/unity/extras/fixture/src/unity_fixture.o
UnityStrErr64                                     ../../../test/unity/src/unity.o
UnityStrErrDouble                                 ../../../test/unity/src/unity.o
UnityStrErrFloat                                  ../../../test/unity/src/unity.o
UnityTestRunner                                   ../../../test/unity/extras/fixture/src/unity_fixture.o
                                                  ../../../test/hal/test_timer.o
UsageFault_Handler                                ../../../lib/CMSIS/Device/RK3506/Source/Templates/GCC/start_rk3506_mcu.o
_Balloc                                           /home/rmer/Project/Linux/rk3506_linux6.1_sdk_v1.2.0/prebuilts/gcc/linux-x86/arm/gcc-arm-none-eabi-10-2020-q4-major-x86_64-linux/bin/../lib/gcc/arm-none-eabi/10.2.1/../../../../arm-none-eabi/lib/thumb/v6-m/nofp/libc.a(lib_a-mprec.o)
                                                  /home/rmer/Project/Linux/rk3506_linux6.1_sdk_v1.2.0/prebuilts/gcc/linux-x86/arm/gcc-arm-none-eabi-10-2020-q4-major-x86_64-linux/bin/../lib/gcc/arm-none-eabi/10.2.1/../../../../arm-none-eabi/lib/thumb/v6-m/nofp/libc.a(lib_a-dtoa.o)
_Bfree                                            /home/rmer/Project/Linux/rk3506_linux6.1_sdk_v1.2.0/prebuilts/gcc/linux-x86/arm/gcc-arm-none-eabi-10-2020-q4-major-x86_64-linux/bin/../lib/gcc/arm-none-eabi/10.2.1/../../../../arm-none-eabi/lib/thumb/v6-m/nofp/libc.a(lib_a-mprec.o)
                                                  /home/rmer/Project/Linux/rk3506_linux6.1_sdk_v1.2.0/prebuilts/gcc/linux-x86/arm/gcc-arm-none-eabi-10-2020-q4-major-x86_64-linux/bin/../lib/gcc/arm-none-eabi/10.2.1/../../../../arm-none-eabi/lib/thumb/v6-m/nofp/libc.a(lib_a-dtoa.o)
_PathLocale                                       /home/rmer/Project/Linux/rk3506_linux6.1_sdk_v1.2.0/prebuilts/gcc/linux-x86/arm/gcc-arm-none-eabi-10-2020-q4-major-x86_64-linux/bin/../lib/gcc/arm-none-eabi/10.2.1/../../../../arm-none-eabi/lib/thumb/v6-m/nofp/libc.a(lib_a-locale.o)
_Unwind_Backtrace                                 /home/rmer/Project/Linux/rk3506_linux6.1_sdk_v1.2.0/prebuilts/gcc/linux-x86/arm/gcc-arm-none-eabi-10-2020-q4-major-x86_64-linux/bin/../lib/gcc/arm-none-eabi/10.2.1/thumb/v6-m/nofp/libgcc.a(libunwind.o)
_Unwind_Complete                                  /home/rmer/Project/Linux/rk3506_linux6.1_sdk_v1.2.0/prebuilts/gcc/linux-x86/arm/gcc-arm-none-eabi-10-2020-q4-major-x86_64-linux/bin/../lib/gcc/arm-none-eabi/10.2.1/thumb/v6-m/nofp/libgcc.a(unwind-arm.o)
_Unwind_DeleteException                           /home/rmer/Project/Linux/rk3506_linux6.1_sdk_v1.2.0/prebuilts/gcc/linux-x86/arm/gcc-arm-none-eabi-10-2020-q4-major-x86_64-linux/bin/../lib/gcc/arm-none-eabi/10.2.1/thumb/v6-m/nofp/libgcc.a(unwind-arm.o)
_Unwind_ForcedUnwind                              /home/rmer/Project/Linux/rk3506_linux6.1_sdk_v1.2.0/prebuilts/gcc/linux-x86/arm/gcc-arm-none-eabi-10-2020-q4-major-x86_64-linux/bin/../lib/gcc/arm-none-eabi/10.2.1/thumb/v6-m/nofp/libgcc.a(libunwind.o)
_Unwind_GetCFA                                    /home/rmer/Project/Linux/rk3506_linux6.1_sdk_v1.2.0/prebuilts/gcc/linux-x86/arm/gcc-arm-none-eabi-10-2020-q4-major-x86_64-linux/bin/../lib/gcc/arm-none-eabi/10.2.1/thumb/v6-m/nofp/libgcc.a(unwind-arm.o)